------------------------------------------------------------
Timing Analyzer Summary
------------------------------------------------------------

Type  : Slow 1100mV 85C Model Setup 'vgaPLL_0|vgapll_inst|altera_pll_i|general[0].gpll~PLL_OUTPUT_COUNTER|divclk'
Slack : -8.654
TNS   : -9867.082

Type  : Slow 1100mV 85C Model Setup 'currstate_h.a'
Slack : -8.442
TNS   : -84.252

Type  : Slow 1100mV 85C Model Setup 'currstate_h.c'
Slack : -4.567
TNS   : -41.779

Type  : Slow 1100mV 85C Model Hold 'vgaPLL_0|vgapll_inst|altera_pll_i|general[0].gpll~PLL_OUTPUT_COUNTER|divclk'
Slack : -1.318
TNS   : -4.003

Type  : Slow 1100mV 85C Model Hold 'currstate_h.a'
Slack : 0.713
TNS   : 0.000

Type  : Slow 1100mV 85C Model Hold 'currstate_h.c'
Slack : 0.937
TNS   : 0.000

Type  : Slow 1100mV 85C Model Minimum Pulse Width 'currstate_h.a'
Slack : -0.394
TNS   : -5.092

Type  : Slow 1100mV 85C Model Minimum Pulse Width 'currstate_h.c'
Slack : 0.245
TNS   : 0.000

Type  : Slow 1100mV 85C Model Minimum Pulse Width 'vgaPLL_0|vgapll_inst|altera_pll_i|general[0].gpll~FRACTIONAL_PLL|vcoph[0]'
Slack : 1.666
TNS   : 0.000

Type  : Slow 1100mV 85C Model Minimum Pulse Width 'CLOCK_50'
Slack : 9.900
TNS   : 0.000

Type  : Slow 1100mV 85C Model Minimum Pulse Width 'vgaPLL_0|vgapll_inst|altera_pll_i|general[0].gpll~PLL_OUTPUT_COUNTER|divclk'
Slack : 18.756
TNS   : 0.000

Type  : Slow 1100mV 0C Model Setup 'currstate_h.a'
Slack : -8.452
TNS   : -84.345

Type  : Slow 1100mV 0C Model Setup 'vgaPLL_0|vgapll_inst|altera_pll_i|general[0].gpll~PLL_OUTPUT_COUNTER|divclk'
Slack : -7.980
TNS   : -8987.543

Type  : Slow 1100mV 0C Model Setup 'currstate_h.c'
Slack : -4.552
TNS   : -41.739

Type  : Slow 1100mV 0C Model Hold 'vgaPLL_0|vgapll_inst|altera_pll_i|general[0].gpll~PLL_OUTPUT_COUNTER|divclk'
Slack : -1.708
TNS   : -5.955

Type  : Slow 1100mV 0C Model Hold 'currstate_h.a'
Slack : 0.695
TNS   : 0.000

Type  : Slow 1100mV 0C Model Hold 'currstate_h.c'
Slack : 0.875
TNS   : 0.000

Type  : Slow 1100mV 0C Model Minimum Pulse Width 'currstate_h.a'
Slack : -0.394
TNS   : -5.105

Type  : Slow 1100mV 0C Model Minimum Pulse Width 'currstate_h.c'
Slack : 0.221
TNS   : 0.000

Type  : Slow 1100mV 0C Model Minimum Pulse Width 'vgaPLL_0|vgapll_inst|altera_pll_i|general[0].gpll~FRACTIONAL_PLL|vcoph[0]'
Slack : 1.666
TNS   : 0.000

Type  : Slow 1100mV 0C Model Minimum Pulse Width 'CLOCK_50'
Slack : 9.926
TNS   : 0.000

Type  : Slow 1100mV 0C Model Minimum Pulse Width 'vgaPLL_0|vgapll_inst|altera_pll_i|general[0].gpll~PLL_OUTPUT_COUNTER|divclk'
Slack : 18.734
TNS   : 0.000

Type  : Fast 1100mV 85C Model Setup 'vgaPLL_0|vgapll_inst|altera_pll_i|general[0].gpll~PLL_OUTPUT_COUNTER|divclk'
Slack : -6.580
TNS   : -7415.596

Type  : Fast 1100mV 85C Model Setup 'currstate_h.a'
Slack : -4.384
TNS   : -43.730

Type  : Fast 1100mV 85C Model Setup 'currstate_h.c'
Slack : -2.091
TNS   : -16.045

Type  : Fast 1100mV 85C Model Hold 'vgaPLL_0|vgapll_inst|altera_pll_i|general[0].gpll~PLL_OUTPUT_COUNTER|divclk'
Slack : -0.317
TNS   : -0.795

Type  : Fast 1100mV 85C Model Hold 'currstate_h.a'
Slack : 0.371
TNS   : 0.000

Type  : Fast 1100mV 85C Model Hold 'currstate_h.c'
Slack : 0.514
TNS   : 0.000

Type  : Fast 1100mV 85C Model Minimum Pulse Width 'currstate_h.a'
Slack : 0.147
TNS   : 0.000

Type  : Fast 1100mV 85C Model Minimum Pulse Width 'currstate_h.c'
Slack : 0.323
TNS   : 0.000

Type  : Fast 1100mV 85C Model Minimum Pulse Width 'vgaPLL_0|vgapll_inst|altera_pll_i|general[0].gpll~FRACTIONAL_PLL|vcoph[0]'
Slack : 1.666
TNS   : 0.000

Type  : Fast 1100mV 85C Model Minimum Pulse Width 'CLOCK_50'
Slack : 9.643
TNS   : 0.000

Type  : Fast 1100mV 85C Model Minimum Pulse Width 'vgaPLL_0|vgapll_inst|altera_pll_i|general[0].gpll~PLL_OUTPUT_COUNTER|divclk'
Slack : 18.874
TNS   : 0.000

Type  : Fast 1100mV 0C Model Setup 'vgaPLL_0|vgapll_inst|altera_pll_i|general[0].gpll~PLL_OUTPUT_COUNTER|divclk'
Slack : -5.269
TNS   : -5876.965

Type  : Fast 1100mV 0C Model Setup 'currstate_h.a'
Slack : -4.243
TNS   : -42.331

Type  : Fast 1100mV 0C Model Setup 'currstate_h.c'
Slack : -1.824
TNS   : -13.407

Type  : Fast 1100mV 0C Model Hold 'vgaPLL_0|vgapll_inst|altera_pll_i|general[0].gpll~PLL_OUTPUT_COUNTER|divclk'
Slack : -0.717
TNS   : -2.237

Type  : Fast 1100mV 0C Model Hold 'currstate_h.a'
Slack : 0.333
TNS   : 0.000

Type  : Fast 1100mV 0C Model Hold 'currstate_h.c'
Slack : 0.464
TNS   : 0.000

Type  : Fast 1100mV 0C Model Minimum Pulse Width 'currstate_h.a'
Slack : 0.144
TNS   : 0.000

Type  : Fast 1100mV 0C Model Minimum Pulse Width 'currstate_h.c'
Slack : 0.346
TNS   : 0.000

Type  : Fast 1100mV 0C Model Minimum Pulse Width 'vgaPLL_0|vgapll_inst|altera_pll_i|general[0].gpll~FRACTIONAL_PLL|vcoph[0]'
Slack : 1.666
TNS   : 0.000

Type  : Fast 1100mV 0C Model Minimum Pulse Width 'CLOCK_50'
Slack : 9.632
TNS   : 0.000

Type  : Fast 1100mV 0C Model Minimum Pulse Width 'vgaPLL_0|vgapll_inst|altera_pll_i|general[0].gpll~PLL_OUTPUT_COUNTER|divclk'
Slack : 18.878
TNS   : 0.000

------------------------------------------------------------
