------------------------------------------------------------
Timing Analyzer Summary
------------------------------------------------------------

Type  : Slow 1100mV 85C Model Setup 'currstate_h.c'
Slack : -13.475
TNS   : -188.753

Type  : Slow 1100mV 85C Model Setup 'inc_v'
Slack : -8.386
TNS   : -82.882

Type  : Slow 1100mV 85C Model Setup 'vgaPLL_0|vgapll_inst|altera_pll_i|general[0].gpll~PLL_OUTPUT_COUNTER|divclk'
Slack : -8.192
TNS   : -9303.790

Type  : Slow 1100mV 85C Model Setup 'currstate_h.a'
Slack : -7.250
TNS   : -7.250

Type  : Slow 1100mV 85C Model Hold 'vgaPLL_0|vgapll_inst|altera_pll_i|general[0].gpll~PLL_OUTPUT_COUNTER|divclk'
Slack : -3.970
TNS   : -3.970

Type  : Slow 1100mV 85C Model Hold 'inc_v'
Slack : 0.821
TNS   : 0.000

Type  : Slow 1100mV 85C Model Hold 'currstate_h.c'
Slack : 0.864
TNS   : 0.000

Type  : Slow 1100mV 85C Model Hold 'currstate_h.a'
Slack : 5.311
TNS   : 0.000

Type  : Slow 1100mV 85C Model Minimum Pulse Width 'inc_v'
Slack : -0.394
TNS   : -5.139

Type  : Slow 1100mV 85C Model Minimum Pulse Width 'currstate_h.a'
Slack : 0.298
TNS   : 0.000

Type  : Slow 1100mV 85C Model Minimum Pulse Width 'currstate_h.c'
Slack : 0.300
TNS   : 0.000

Type  : Slow 1100mV 85C Model Minimum Pulse Width 'vgaPLL_0|vgapll_inst|altera_pll_i|general[0].gpll~FRACTIONAL_PLL|vcoph[0]'
Slack : 1.666
TNS   : 0.000

Type  : Slow 1100mV 85C Model Minimum Pulse Width 'CLOCK_50'
Slack : 9.900
TNS   : 0.000

Type  : Slow 1100mV 85C Model Minimum Pulse Width 'vgaPLL_0|vgapll_inst|altera_pll_i|general[0].gpll~PLL_OUTPUT_COUNTER|divclk'
Slack : 18.756
TNS   : 0.000

Type  : Slow 1100mV 0C Model Setup 'currstate_h.c'
Slack : -13.618
TNS   : -190.456

Type  : Slow 1100mV 0C Model Setup 'inc_v'
Slack : -8.341
TNS   : -82.415

Type  : Slow 1100mV 0C Model Setup 'vgaPLL_0|vgapll_inst|altera_pll_i|general[0].gpll~PLL_OUTPUT_COUNTER|divclk'
Slack : -7.410
TNS   : -8358.331

Type  : Slow 1100mV 0C Model Setup 'currstate_h.a'
Slack : -7.293
TNS   : -7.293

Type  : Slow 1100mV 0C Model Hold 'vgaPLL_0|vgapll_inst|altera_pll_i|general[0].gpll~PLL_OUTPUT_COUNTER|divclk'
Slack : -4.172
TNS   : -4.204

Type  : Slow 1100mV 0C Model Hold 'currstate_h.c'
Slack : 0.788
TNS   : 0.000

Type  : Slow 1100mV 0C Model Hold 'inc_v'
Slack : 0.797
TNS   : 0.000

Type  : Slow 1100mV 0C Model Hold 'currstate_h.a'
Slack : 5.345
TNS   : 0.000

Type  : Slow 1100mV 0C Model Minimum Pulse Width 'inc_v'
Slack : -0.394
TNS   : -5.167

Type  : Slow 1100mV 0C Model Minimum Pulse Width 'currstate_h.a'
Slack : 0.274
TNS   : 0.000

Type  : Slow 1100mV 0C Model Minimum Pulse Width 'currstate_h.c'
Slack : 0.338
TNS   : 0.000

Type  : Slow 1100mV 0C Model Minimum Pulse Width 'vgaPLL_0|vgapll_inst|altera_pll_i|general[0].gpll~FRACTIONAL_PLL|vcoph[0]'
Slack : 1.666
TNS   : 0.000

Type  : Slow 1100mV 0C Model Minimum Pulse Width 'CLOCK_50'
Slack : 9.926
TNS   : 0.000

Type  : Slow 1100mV 0C Model Minimum Pulse Width 'vgaPLL_0|vgapll_inst|altera_pll_i|general[0].gpll~PLL_OUTPUT_COUNTER|divclk'
Slack : 18.734
TNS   : 0.000

Type  : Fast 1100mV 85C Model Setup 'currstate_h.c'
Slack : -7.173
TNS   : -98.729

Type  : Fast 1100mV 85C Model Setup 'vgaPLL_0|vgapll_inst|altera_pll_i|general[0].gpll~PLL_OUTPUT_COUNTER|divclk'
Slack : -6.510
TNS   : -7315.460

Type  : Fast 1100mV 85C Model Setup 'inc_v'
Slack : -5.099
TNS   : -50.034

Type  : Fast 1100mV 85C Model Setup 'currstate_h.a'
Slack : -3.513
TNS   : -3.513

Type  : Fast 1100mV 85C Model Hold 'vgaPLL_0|vgapll_inst|altera_pll_i|general[0].gpll~PLL_OUTPUT_COUNTER|divclk'
Slack : -2.234
TNS   : -2.234

Type  : Fast 1100mV 85C Model Hold 'inc_v'
Slack : 0.426
TNS   : 0.000

Type  : Fast 1100mV 85C Model Hold 'currstate_h.c'
Slack : 0.526
TNS   : 0.000

Type  : Fast 1100mV 85C Model Hold 'currstate_h.a'
Slack : 2.989
TNS   : 0.000

Type  : Fast 1100mV 85C Model Minimum Pulse Width 'inc_v'
Slack : 0.094
TNS   : 0.000

Type  : Fast 1100mV 85C Model Minimum Pulse Width 'currstate_h.c'
Slack : 0.326
TNS   : 0.000

Type  : Fast 1100mV 85C Model Minimum Pulse Width 'currstate_h.a'
Slack : 0.366
TNS   : 0.000

Type  : Fast 1100mV 85C Model Minimum Pulse Width 'vgaPLL_0|vgapll_inst|altera_pll_i|general[0].gpll~FRACTIONAL_PLL|vcoph[0]'
Slack : 1.666
TNS   : 0.000

Type  : Fast 1100mV 85C Model Minimum Pulse Width 'CLOCK_50'
Slack : 9.643
TNS   : 0.000

Type  : Fast 1100mV 85C Model Minimum Pulse Width 'vgaPLL_0|vgapll_inst|altera_pll_i|general[0].gpll~PLL_OUTPUT_COUNTER|divclk'
Slack : 18.874
TNS   : 0.000

Type  : Fast 1100mV 0C Model Setup 'currstate_h.c'
Slack : -6.887
TNS   : -95.208

Type  : Fast 1100mV 0C Model Setup 'vgaPLL_0|vgapll_inst|altera_pll_i|general[0].gpll~PLL_OUTPUT_COUNTER|divclk'
Slack : -5.175
TNS   : -5727.641

Type  : Fast 1100mV 0C Model Setup 'inc_v'
Slack : -4.424
TNS   : -43.374

Type  : Fast 1100mV 0C Model Setup 'currstate_h.a'
Slack : -3.425
TNS   : -3.425

Type  : Fast 1100mV 0C Model Hold 'vgaPLL_0|vgapll_inst|altera_pll_i|general[0].gpll~PLL_OUTPUT_COUNTER|divclk'
Slack : -2.376
TNS   : -2.376

Type  : Fast 1100mV 0C Model Hold 'inc_v'
Slack : 0.384
TNS   : 0.000

Type  : Fast 1100mV 0C Model Hold 'currstate_h.c'
Slack : 0.504
TNS   : 0.000

Type  : Fast 1100mV 0C Model Hold 'currstate_h.a'
Slack : 2.964
TNS   : 0.000

Type  : Fast 1100mV 0C Model Minimum Pulse Width 'inc_v'
Slack : 0.105
TNS   : 0.000

Type  : Fast 1100mV 0C Model Minimum Pulse Width 'currstate_h.c'
Slack : 0.356
TNS   : 0.000

Type  : Fast 1100mV 0C Model Minimum Pulse Width 'currstate_h.a'
Slack : 0.380
TNS   : 0.000

Type  : Fast 1100mV 0C Model Minimum Pulse Width 'vgaPLL_0|vgapll_inst|altera_pll_i|general[0].gpll~FRACTIONAL_PLL|vcoph[0]'
Slack : 1.666
TNS   : 0.000

Type  : Fast 1100mV 0C Model Minimum Pulse Width 'CLOCK_50'
Slack : 9.632
TNS   : 0.000

Type  : Fast 1100mV 0C Model Minimum Pulse Width 'vgaPLL_0|vgapll_inst|altera_pll_i|general[0].gpll~PLL_OUTPUT_COUNTER|divclk'
Slack : 18.878
TNS   : 0.000

------------------------------------------------------------
