Archive member included to satisfy reference by file (symbol)

/home/andreasb/intelFPGA_lite/16.1/nios2eds/bin/gnu/H-x86_64-pc-linux-gnu/bin/../lib/gcc/nios2-elf/5.3.0/mno-hw-mul/libgcc.a(lib2-divmod.o)
                              obj/default/main.o (__divsi3)
/home/andreasb/intelFPGA_lite/16.1/nios2eds/bin/gnu/H-x86_64-pc-linux-gnu/bin/../lib/gcc/nios2-elf/5.3.0/mno-hw-mul/libgcc.a(lib2-mul.o)
                              obj/default/main.o (__mulsi3)
/home/andreasb/intelFPGA_lite/16.1/nios2eds/bin/gnu/H-x86_64-pc-linux-gnu/bin/../lib/gcc/nios2-elf/5.3.0/mno-hw-mul/libgcc.a(adddf3.o)
                              obj/default/main.o (__adddf3)
/home/andreasb/intelFPGA_lite/16.1/nios2eds/bin/gnu/H-x86_64-pc-linux-gnu/bin/../lib/gcc/nios2-elf/5.3.0/mno-hw-mul/libgcc.a(divdf3.o)
                              obj/default/main.o (__divdf3)
/home/andreasb/intelFPGA_lite/16.1/nios2eds/bin/gnu/H-x86_64-pc-linux-gnu/bin/../lib/gcc/nios2-elf/5.3.0/mno-hw-mul/libgcc.a(floatsidf.o)
                              obj/default/main.o (__floatsidf)
/home/andreasb/intelFPGA_lite/16.1/nios2eds/bin/gnu/H-x86_64-pc-linux-gnu/bin/../lib/gcc/nios2-elf/5.3.0/mno-hw-mul/libgcc.a(_clzsi2.o)
                              /home/andreasb/intelFPGA_lite/16.1/nios2eds/bin/gnu/H-x86_64-pc-linux-gnu/bin/../lib/gcc/nios2-elf/5.3.0/mno-hw-mul/libgcc.a(adddf3.o) (__clzsi2)
/home/andreasb/intelFPGA_lite/16.1/nios2eds/bin/gnu/H-x86_64-pc-linux-gnu/bin/../lib/gcc/nios2-elf/5.3.0/mno-hw-mul/libgcc.a(_clz.o)
                              /home/andreasb/intelFPGA_lite/16.1/nios2eds/bin/gnu/H-x86_64-pc-linux-gnu/bin/../lib/gcc/nios2-elf/5.3.0/mno-hw-mul/libgcc.a(_clzsi2.o) (__clz_tab)
/home/andreasb/intelFPGA_lite/16.1/nios2eds/bin/gnu/H-x86_64-pc-linux-gnu/bin/../lib/gcc/nios2-elf/5.3.0/../../../../../H-x86_64-pc-linux-gnu/nios2-elf/lib/mno-hw-mul/libsmallc.a(lib_a-puts.o)
                              obj/default/main.o (puts)
/home/andreasb/intelFPGA_lite/16.1/nios2eds/bin/gnu/H-x86_64-pc-linux-gnu/bin/../lib/gcc/nios2-elf/5.3.0/../../../../../H-x86_64-pc-linux-gnu/nios2-elf/lib/mno-hw-mul/libsmallc.a(lib_a-strlen.o)
                              /home/andreasb/intelFPGA_lite/16.1/nios2eds/bin/gnu/H-x86_64-pc-linux-gnu/bin/../lib/gcc/nios2-elf/5.3.0/../../../../../H-x86_64-pc-linux-gnu/nios2-elf/lib/mno-hw-mul/libsmallc.a(lib_a-puts.o) (strlen)
/home/andreasb/intelFPGA_lite/16.1/nios2eds/bin/gnu/H-x86_64-pc-linux-gnu/bin/../lib/gcc/nios2-elf/5.3.0/../../../../../H-x86_64-pc-linux-gnu/nios2-elf/lib/mno-hw-mul/libsmallc.a(lib_a-fvwrite_small_dev.o)
                              /home/andreasb/intelFPGA_lite/16.1/nios2eds/bin/gnu/H-x86_64-pc-linux-gnu/bin/../lib/gcc/nios2-elf/5.3.0/../../../../../H-x86_64-pc-linux-gnu/nios2-elf/lib/mno-hw-mul/libsmallc.a(lib_a-puts.o) (__sfvwrite_small_dev)
/home/andreasb/intelFPGA_lite/16.1/nios2eds/bin/gnu/H-x86_64-pc-linux-gnu/bin/../lib/gcc/nios2-elf/5.3.0/../../../../../H-x86_64-pc-linux-gnu/nios2-elf/lib/mno-hw-mul/libsmallc.a(lib_a-impure.o)
                              /home/andreasb/intelFPGA_lite/16.1/nios2eds/bin/gnu/H-x86_64-pc-linux-gnu/bin/../lib/gcc/nios2-elf/5.3.0/../../../../../H-x86_64-pc-linux-gnu/nios2-elf/lib/mno-hw-mul/libsmallc.a(lib_a-puts.o) (_impure_ptr)
/home/andreasb/intelFPGA_lite/16.1/nios2eds/bin/gnu/H-x86_64-pc-linux-gnu/bin/../lib/gcc/nios2-elf/5.3.0/../../../../../H-x86_64-pc-linux-gnu/nios2-elf/lib/mno-hw-mul/libsmallc.a(lib_a-writer.o)
                              /home/andreasb/intelFPGA_lite/16.1/nios2eds/bin/gnu/H-x86_64-pc-linux-gnu/bin/../lib/gcc/nios2-elf/5.3.0/../../../../../H-x86_64-pc-linux-gnu/nios2-elf/lib/mno-hw-mul/libsmallc.a(lib_a-fvwrite_small_dev.o) (_write_r)
/home/andreasb/intelFPGA_lite/16.1/nios2eds/bin/gnu/H-x86_64-pc-linux-gnu/bin/../lib/gcc/nios2-elf/5.3.0/../../../../../H-x86_64-pc-linux-gnu/nios2-elf/lib/mno-hw-mul/libsmallc.a(lib_a-int_errno.o)
                              /home/andreasb/intelFPGA_lite/16.1/nios2eds/bin/gnu/H-x86_64-pc-linux-gnu/bin/../lib/gcc/nios2-elf/5.3.0/../../../../../H-x86_64-pc-linux-gnu/nios2-elf/lib/mno-hw-mul/libsmallc.a(lib_a-writer.o) (errno)
../lab5_bsp//libhal_bsp.a(alt_iic.o)
                              obj/default/main.o (alt_ic_isr_register)
../lab5_bsp//libhal_bsp.a(alt_iic_isr_register.o)
                              ../lab5_bsp//libhal_bsp.a(alt_iic.o) (alt_iic_isr_register)
../lab5_bsp//libhal_bsp.a(alt_irq_entry.o)
                              ../lab5_bsp//libhal_bsp.a(alt_iic_isr_register.o) (alt_irq_entry)
../lab5_bsp//libhal_bsp.a(alt_irq_handler.o)
                              ../lab5_bsp//libhal_bsp.a(alt_iic_isr_register.o) (alt_irq_handler)
../lab5_bsp//libhal_bsp.a(alt_irq_vars.o)
                              ../lab5_bsp//libhal_bsp.a(alt_iic.o) (alt_irq_active)
../lab5_bsp//libhal_bsp.a(alt_load.o)
                              ../lab5_bsp//obj/HAL/src/crt0.o (alt_load)
../lab5_bsp//libhal_bsp.a(alt_main.o)
                              ../lab5_bsp//obj/HAL/src/crt0.o (alt_main)
../lab5_bsp//libhal_bsp.a(alt_putstr.o)
                              obj/default/hello_world_small.o (alt_putstr)
../lab5_bsp//libhal_bsp.a(alt_write.o)
                              /home/andreasb/intelFPGA_lite/16.1/nios2eds/bin/gnu/H-x86_64-pc-linux-gnu/bin/../lib/gcc/nios2-elf/5.3.0/../../../../../H-x86_64-pc-linux-gnu/nios2-elf/lib/mno-hw-mul/libsmallc.a(lib_a-writer.o) (write)
../lab5_bsp//libhal_bsp.a(alt_sys_init.o)
                              ../lab5_bsp//libhal_bsp.a(alt_main.o) (alt_irq_init)
../lab5_bsp//libhal_bsp.a(altera_avalon_jtag_uart_write.o)
                              ../lab5_bsp//libhal_bsp.a(alt_putstr.o) (altera_avalon_jtag_uart_write)
../lab5_bsp//libhal_bsp.a(altera_avalon_performance_counter.o)
                              obj/default/main.o (perf_get_section_time)
../lab5_bsp//libhal_bsp.a(alt_dcache_flush_all.o)
                              ../lab5_bsp//libhal_bsp.a(alt_load.o) (alt_dcache_flush_all)
../lab5_bsp//libhal_bsp.a(alt_errno.o)
                              ../lab5_bsp//libhal_bsp.a(alt_write.o) (alt_errno)
../lab5_bsp//libhal_bsp.a(alt_exception_entry.o)
                              ../lab5_bsp//libhal_bsp.a(alt_irq_entry.o) (alt_exception)
../lab5_bsp//libhal_bsp.a(alt_icache_flush_all.o)
                              ../lab5_bsp//libhal_bsp.a(alt_load.o) (alt_icache_flush_all)
../lab5_bsp//libhal_bsp.a(altera_nios2_qsys_irq.o)
                              ../lab5_bsp//libhal_bsp.a(alt_sys_init.o) (altera_nios2_qsys_irq_init)

Allocating common symbols
Common symbol       size              file

key_edge            0x4               obj/default/main.o
alt_irq             0x100             ../lab5_bsp//libhal_bsp.a(alt_irq_handler.o)
errno               0x4               /home/andreasb/intelFPGA_lite/16.1/nios2eds/bin/gnu/H-x86_64-pc-linux-gnu/bin/../lib/gcc/nios2-elf/5.3.0/../../../../../H-x86_64-pc-linux-gnu/nios2-elf/lib/mno-hw-mul/libsmallc.a(lib_a-int_errno.o)
led_position        0x4               obj/default/main.o
test                0x4               obj/default/main.o

Memory Configuration

Name             Origin             Length             Attributes
onchip_memory2_0 0x0000000000000000 0x0000000000001000
reset            0x0000000008000000 0x0000000000000020
sdram            0x0000000008000020 0x0000000003ffffe0
*default*        0x0000000000000000 0xffffffffffffffff

Linker script and memory map

LOAD ../lab5_bsp//obj/HAL/src/crt0.o
LOAD obj/default/hello_world_small.o
LOAD obj/default/main.o
LOAD /home/andreasb/intelFPGA_lite/16.1/nios2eds/bin/gnu/H-x86_64-pc-linux-gnu/bin/../lib/gcc/nios2-elf/5.3.0/../../../../../H-x86_64-pc-linux-gnu/nios2-elf/lib/mno-hw-mul/libstdc++.a
LOAD /home/andreasb/intelFPGA_lite/16.1/nios2eds/bin/gnu/H-x86_64-pc-linux-gnu/bin/../lib/gcc/nios2-elf/5.3.0/../../../../../H-x86_64-pc-linux-gnu/nios2-elf/lib/mno-hw-mul/libm.a
LOAD /home/andreasb/intelFPGA_lite/16.1/nios2eds/bin/gnu/H-x86_64-pc-linux-gnu/bin/../lib/gcc/nios2-elf/5.3.0/mno-hw-mul/libgcc.a
START GROUP
LOAD /home/andreasb/intelFPGA_lite/16.1/nios2eds/bin/gnu/H-x86_64-pc-linux-gnu/bin/../lib/gcc/nios2-elf/5.3.0/../../../../../H-x86_64-pc-linux-gnu/nios2-elf/lib/mno-hw-mul/libsmallc.a
LOAD /home/andreasb/intelFPGA_lite/16.1/nios2eds/bin/gnu/H-x86_64-pc-linux-gnu/bin/../lib/gcc/nios2-elf/5.3.0/mno-hw-mul/libgcc.a
LOAD ../lab5_bsp//libhal_bsp.a
LOAD /home/andreasb/intelFPGA_lite/16.1/nios2eds/bin/gnu/H-x86_64-pc-linux-gnu/bin/../lib/gcc/nios2-elf/5.3.0/../../../../../H-x86_64-pc-linux-gnu/nios2-elf/lib/mno-hw-mul/libm.a
END GROUP
LOAD /home/andreasb/intelFPGA_lite/16.1/nios2eds/bin/gnu/H-x86_64-pc-linux-gnu/bin/../lib/gcc/nios2-elf/5.3.0/mno-hw-mul/libgcc.a
                0x0000000000000000                __alt_mem_onchip_memory2_0 = 0x0
                0x0000000008000000                __alt_mem_sdram = 0x8000000

.entry          0x0000000008000000       0x20
 *(.entry)
 .entry         0x0000000008000000       0x20 ../lab5_bsp//obj/HAL/src/crt0.o
                0x0000000008000000                __reset
                0x000000000800000c                _exit

.exceptions     0x0000000008000020      0x12c
                0x0000000008000020                PROVIDE (__ram_exceptions_start, ABSOLUTE (.))
                0x0000000008000020                . = ALIGN (0x20)
 *(.irq)
 *(.exceptions.entry.label)
 .exceptions.entry.label
                0x0000000008000020        0x0 ../lab5_bsp//libhal_bsp.a(alt_irq_entry.o)
                0x0000000008000020                alt_irq_entry
 .exceptions.entry.label
                0x0000000008000020        0x0 ../lab5_bsp//libhal_bsp.a(alt_exception_entry.o)
                0x0000000008000020                alt_exception
 *(.exceptions.entry.user)
 *(.exceptions.entry.ecc_fatal)
 *(.exceptions.entry)
 .exceptions.entry
                0x0000000008000020       0x54 ../lab5_bsp//libhal_bsp.a(alt_exception_entry.o)
 *(.exceptions.irqtest.user)
 *(.exceptions.irqtest)
 .exceptions.irqtest
                0x0000000008000074       0x10 ../lab5_bsp//libhal_bsp.a(alt_irq_entry.o)
 *(.exceptions.irqhandler.user)
 *(.exceptions.irqhandler)
 .exceptions.irqhandler
                0x0000000008000084        0x4 ../lab5_bsp//libhal_bsp.a(alt_irq_entry.o)
 *(.exceptions.irqreturn.user)
 *(.exceptions.irqreturn)
 .exceptions.irqreturn
                0x0000000008000088        0x4 ../lab5_bsp//libhal_bsp.a(alt_irq_entry.o)
 *(.exceptions.notirq.label)
 .exceptions.notirq.label
                0x000000000800008c        0x0 ../lab5_bsp//libhal_bsp.a(alt_irq_entry.o)
 *(.exceptions.notirq.user)
 *(.exceptions.notirq)
 .exceptions.notirq
                0x000000000800008c        0x8 ../lab5_bsp//libhal_bsp.a(alt_exception_entry.o)
 *(.exceptions.soft.user)
 *(.exceptions.soft)
 *(.exceptions.unknown.user)
 *(.exceptions.unknown)
 .exceptions.unknown
                0x0000000008000094        0x4 ../lab5_bsp//libhal_bsp.a(alt_exception_entry.o)
 *(.exceptions.exit.label)
 .exceptions.exit.label
                0x0000000008000098        0x0 ../lab5_bsp//libhal_bsp.a(alt_irq_entry.o)
 .exceptions.exit.label
                0x0000000008000098        0x0 ../lab5_bsp//libhal_bsp.a(alt_exception_entry.o)
 *(.exceptions.exit.user)
 *(.exceptions.exit)
 .exceptions.exit
                0x0000000008000098       0x54 ../lab5_bsp//libhal_bsp.a(alt_exception_entry.o)
 *(.exceptions)
 .exceptions    0x00000000080000ec       0x60 ../lab5_bsp//libhal_bsp.a(alt_irq_handler.o)
                0x00000000080000ec                alt_irq_handler
                0x000000000800014c                PROVIDE (__ram_exceptions_end, ABSOLUTE (.))
                0x0000000008000020                PROVIDE (__flash_exceptions_start, LOADADDR (.exceptions))

.text           0x000000000800014c     0x1db0
                [!provide]                        PROVIDE (stext, ABSOLUTE (.))
 *(.interp)
 *(.hash)
 *(.dynsym)
 *(.dynstr)
 *(.gnu.version)
 *(.gnu.version_d)
 *(.gnu.version_r)
 *(.rel.init)
 *(.rela.init)
 *(.rel.text .rel.text.* .rel.gnu.linkonce.t.*)
 *(.rela.text .rela.text.* .rela.gnu.linkonce.t.*)
 *(.rel.fini)
 *(.rela.fini)
 *(.rel.rodata .rel.rodata.* .rel.gnu.linkonce.r.*)
 *(.rela.rodata .rela.rodata.* .rela.gnu.linkonce.r.*)
 *(.rel.data .rel.data.* .rel.gnu.linkonce.d.*)
 *(.rela.data .rela.data.* .rela.gnu.linkonce.d.*)
 *(.rel.tdata .rel.tdata.* .rel.gnu.linkonce.td.*)
 *(.rela.tdata .rela.tdata.* .rela.gnu.linkonce.td.*)
 *(.rel.tbss .rel.tbss.* .rel.gnu.linkonce.tb.*)
 *(.rela.tbss .rela.tbss.* .rela.gnu.linkonce.tb.*)
 *(.rel.ctors)
 *(.rela.ctors)
 *(.rel.dtors)
 *(.rela.dtors)
 *(.rel.got)
 *(.rela.got)
 *(.rel.sdata .rel.sdata.* .rel.gnu.linkonce.s.*)
 *(.rela.sdata .rela.sdata.* .rela.gnu.linkonce.s.*)
 *(.rel.sbss .rel.sbss.* .rel.gnu.linkonce.sb.*)
 *(.rela.sbss .rela.sbss.* .rela.gnu.linkonce.sb.*)
 *(.rel.sdata2 .rel.sdata2.* .rel.gnu.linkonce.s2.*)
 *(.rela.sdata2 .rela.sdata2.* .rela.gnu.linkonce.s2.*)
 *(.rel.sbss2 .rel.sbss2.* .rel.gnu.linkonce.sb2.*)
 *(.rela.sbss2 .rela.sbss2.* .rela.gnu.linkonce.sb2.*)
 *(.rel.bss .rel.bss.* .rel.gnu.linkonce.b.*)
 *(.rela.bss .rela.bss.* .rela.gnu.linkonce.b.*)
 *(.rel.plt)
 *(.rela.plt)
 *(.rel.dyn)
 *(.init)
 *(.plt)
 *(.text .stub .text.* .gnu.linkonce.t.*)
 .text          0x000000000800014c       0x3c ../lab5_bsp//obj/HAL/src/crt0.o
                0x000000000800014c                _start
 .text          0x0000000008000188       0x18 obj/default/hello_world_small.o
                0x0000000008000188                hello_world
 .text          0x00000000080001a0      0x1a8 obj/default/main.o
                0x00000000080001b8                factorial
                0x00000000080001f4                init_timer
                0x000000000800025c                update_leds
                0x00000000080002c0                init_BUTTONS_interrupts
                0x0000000008000320                init_all
 .text.startup  0x0000000008000348      0x100 obj/default/main.o
                0x0000000008000348                main
 .text          0x0000000008000448      0x1b4 /home/andreasb/intelFPGA_lite/16.1/nios2eds/bin/gnu/H-x86_64-pc-linux-gnu/bin/../lib/gcc/nios2-elf/5.3.0/mno-hw-mul/libgcc.a(lib2-divmod.o)
                0x0000000008000448                __divsi3
                0x00000000080004cc                __modsi3
                0x0000000008000540                __udivsi3
                0x00000000080005a4                __umodsi3
 .text          0x00000000080005fc       0x28 /home/andreasb/intelFPGA_lite/16.1/nios2eds/bin/gnu/H-x86_64-pc-linux-gnu/bin/../lib/gcc/nios2-elf/5.3.0/mno-hw-mul/libgcc.a(lib2-mul.o)
                0x00000000080005fc                __mulsi3
 .text          0x0000000008000624      0x8ac /home/andreasb/intelFPGA_lite/16.1/nios2eds/bin/gnu/H-x86_64-pc-linux-gnu/bin/../lib/gcc/nios2-elf/5.3.0/mno-hw-mul/libgcc.a(adddf3.o)
                0x0000000008000624                __adddf3
 .text          0x0000000008000ed0      0x9d0 /home/andreasb/intelFPGA_lite/16.1/nios2eds/bin/gnu/H-x86_64-pc-linux-gnu/bin/../lib/gcc/nios2-elf/5.3.0/mno-hw-mul/libgcc.a(divdf3.o)
                0x0000000008000ed0                __divdf3
 .text          0x00000000080018a0       0xdc /home/andreasb/intelFPGA_lite/16.1/nios2eds/bin/gnu/H-x86_64-pc-linux-gnu/bin/../lib/gcc/nios2-elf/5.3.0/mno-hw-mul/libgcc.a(floatsidf.o)
                0x00000000080018a0                __floatsidf
 .text          0x000000000800197c       0x64 /home/andreasb/intelFPGA_lite/16.1/nios2eds/bin/gnu/H-x86_64-pc-linux-gnu/bin/../lib/gcc/nios2-elf/5.3.0/mno-hw-mul/libgcc.a(_clzsi2.o)
                0x000000000800197c                __clzsi2
 .text          0x00000000080019e0        0x0 /home/andreasb/intelFPGA_lite/16.1/nios2eds/bin/gnu/H-x86_64-pc-linux-gnu/bin/../lib/gcc/nios2-elf/5.3.0/mno-hw-mul/libgcc.a(_clz.o)
 .text          0x00000000080019e0        0x0 /home/andreasb/intelFPGA_lite/16.1/nios2eds/bin/gnu/H-x86_64-pc-linux-gnu/bin/../lib/gcc/nios2-elf/5.3.0/../../../../../H-x86_64-pc-linux-gnu/nios2-elf/lib/mno-hw-mul/libsmallc.a(lib_a-puts.o)
 .text._puts_r  0x00000000080019e0       0x80 /home/andreasb/intelFPGA_lite/16.1/nios2eds/bin/gnu/H-x86_64-pc-linux-gnu/bin/../lib/gcc/nios2-elf/5.3.0/../../../../../H-x86_64-pc-linux-gnu/nios2-elf/lib/mno-hw-mul/libsmallc.a(lib_a-puts.o)
                0x00000000080019e0                _puts_r
 .text.puts     0x0000000008001a60       0x14 /home/andreasb/intelFPGA_lite/16.1/nios2eds/bin/gnu/H-x86_64-pc-linux-gnu/bin/../lib/gcc/nios2-elf/5.3.0/../../../../../H-x86_64-pc-linux-gnu/nios2-elf/lib/mno-hw-mul/libsmallc.a(lib_a-puts.o)
                0x0000000008001a60                puts
 .text          0x0000000008001a74        0x0 /home/andreasb/intelFPGA_lite/16.1/nios2eds/bin/gnu/H-x86_64-pc-linux-gnu/bin/../lib/gcc/nios2-elf/5.3.0/../../../../../H-x86_64-pc-linux-gnu/nios2-elf/lib/mno-hw-mul/libsmallc.a(lib_a-strlen.o)
 .text.strlen   0x0000000008001a74       0x1c /home/andreasb/intelFPGA_lite/16.1/nios2eds/bin/gnu/H-x86_64-pc-linux-gnu/bin/../lib/gcc/nios2-elf/5.3.0/../../../../../H-x86_64-pc-linux-gnu/nios2-elf/lib/mno-hw-mul/libsmallc.a(lib_a-strlen.o)
                0x0000000008001a74                strlen
 .text          0x0000000008001a90        0x0 /home/andreasb/intelFPGA_lite/16.1/nios2eds/bin/gnu/H-x86_64-pc-linux-gnu/bin/../lib/gcc/nios2-elf/5.3.0/../../../../../H-x86_64-pc-linux-gnu/nios2-elf/lib/mno-hw-mul/libsmallc.a(lib_a-fvwrite_small_dev.o)
 .text.__sfvwrite_small_dev
                0x0000000008001a90       0xb8 /home/andreasb/intelFPGA_lite/16.1/nios2eds/bin/gnu/H-x86_64-pc-linux-gnu/bin/../lib/gcc/nios2-elf/5.3.0/../../../../../H-x86_64-pc-linux-gnu/nios2-elf/lib/mno-hw-mul/libsmallc.a(lib_a-fvwrite_small_dev.o)
                0x0000000008001a90                __sfvwrite_small_dev
 .text          0x0000000008001b48        0x0 /home/andreasb/intelFPGA_lite/16.1/nios2eds/bin/gnu/H-x86_64-pc-linux-gnu/bin/../lib/gcc/nios2-elf/5.3.0/../../../../../H-x86_64-pc-linux-gnu/nios2-elf/lib/mno-hw-mul/libsmallc.a(lib_a-impure.o)
 .text          0x0000000008001b48        0x0 /home/andreasb/intelFPGA_lite/16.1/nios2eds/bin/gnu/H-x86_64-pc-linux-gnu/bin/../lib/gcc/nios2-elf/5.3.0/../../../../../H-x86_64-pc-linux-gnu/nios2-elf/lib/mno-hw-mul/libsmallc.a(lib_a-writer.o)
 .text._write_r
                0x0000000008001b48       0x58 /home/andreasb/intelFPGA_lite/16.1/nios2eds/bin/gnu/H-x86_64-pc-linux-gnu/bin/../lib/gcc/nios2-elf/5.3.0/../../../../../H-x86_64-pc-linux-gnu/nios2-elf/lib/mno-hw-mul/libsmallc.a(lib_a-writer.o)
                0x0000000008001b48                _write_r
 .text          0x0000000008001ba0        0x0 /home/andreasb/intelFPGA_lite/16.1/nios2eds/bin/gnu/H-x86_64-pc-linux-gnu/bin/../lib/gcc/nios2-elf/5.3.0/../../../../../H-x86_64-pc-linux-gnu/nios2-elf/lib/mno-hw-mul/libsmallc.a(lib_a-int_errno.o)
 .text          0x0000000008001ba0       0x8c ../lab5_bsp//libhal_bsp.a(alt_iic.o)
                0x0000000008001ba0                alt_ic_isr_register
                0x0000000008001ba4                alt_ic_irq_enable
                0x0000000008001bdc                alt_ic_irq_disable
                0x0000000008001c14                alt_ic_irq_enabled
 .text          0x0000000008001c2c       0x68 ../lab5_bsp//libhal_bsp.a(alt_iic_isr_register.o)
                0x0000000008001c2c                alt_iic_isr_register
 .text          0x0000000008001c94        0x0 ../lab5_bsp//libhal_bsp.a(alt_irq_entry.o)
 .text          0x0000000008001c94        0x0 ../lab5_bsp//libhal_bsp.a(alt_irq_handler.o)
 .text          0x0000000008001c94        0x0 ../lab5_bsp//libhal_bsp.a(alt_irq_vars.o)
 .text          0x0000000008001c94       0xe0 ../lab5_bsp//libhal_bsp.a(alt_load.o)
                0x0000000008001c94                alt_load
 .text          0x0000000008001d74       0x2c ../lab5_bsp//libhal_bsp.a(alt_main.o)
                0x0000000008001d74                alt_main
 .text          0x0000000008001da0       0x38 ../lab5_bsp//libhal_bsp.a(alt_putstr.o)
                0x0000000008001da0                alt_putstr
 .text          0x0000000008001dd8       0x60 ../lab5_bsp//libhal_bsp.a(alt_write.o)
                0x0000000008001dd8                write
 .text          0x0000000008001e38       0x30 ../lab5_bsp//libhal_bsp.a(alt_sys_init.o)
                0x0000000008001e38                alt_irq_init
                0x0000000008001e58                alt_sys_init
 .text          0x0000000008001e68       0x34 ../lab5_bsp//libhal_bsp.a(altera_avalon_jtag_uart_write.o)
                0x0000000008001e68                altera_avalon_jtag_uart_write
 .text          0x0000000008001e9c       0x50 ../lab5_bsp//libhal_bsp.a(altera_avalon_performance_counter.o)
                0x0000000008001e9c                perf_get_section_time
                0x0000000008001ebc                perf_get_total_time
                0x0000000008001ec4                perf_get_num_starts
                0x0000000008001ed8                alt_get_performance_counter_base
                0x0000000008001ee0                alt_get_cpu_freq
 .text          0x0000000008001eec        0x4 ../lab5_bsp//libhal_bsp.a(alt_dcache_flush_all.o)
                0x0000000008001eec                alt_dcache_flush_all
 .text          0x0000000008001ef0        0x0 ../lab5_bsp//libhal_bsp.a(alt_errno.o)
 .text          0x0000000008001ef0        0x0 ../lab5_bsp//libhal_bsp.a(alt_exception_entry.o)
 .text          0x0000000008001ef0        0x4 ../lab5_bsp//libhal_bsp.a(alt_icache_flush_all.o)
                0x0000000008001ef0                alt_icache_flush_all
 .text          0x0000000008001ef4        0x8 ../lab5_bsp//libhal_bsp.a(altera_nios2_qsys_irq.o)
                0x0000000008001ef4                altera_nios2_qsys_irq_init
 *(.gnu.warning.*)
 *(.fini)
                [!provide]                        PROVIDE (__etext, ABSOLUTE (.))
                [!provide]                        PROVIDE (_etext, ABSOLUTE (.))
                [!provide]                        PROVIDE (etext, ABSOLUTE (.))
 *(.eh_frame_hdr)
                0x0000000008001efc                . = ALIGN (0x4)
                [!provide]                        PROVIDE (__preinit_array_start, ABSOLUTE (.))
 *(.preinit_array)
                [!provide]                        PROVIDE (__preinit_array_end, ABSOLUTE (.))
                [!provide]                        PROVIDE (__init_array_start, ABSOLUTE (.))
 *(.init_array)
                [!provide]                        PROVIDE (__init_array_end, ABSOLUTE (.))
                [!provide]                        PROVIDE (__fini_array_start, ABSOLUTE (.))
 *(.fini_array)
                [!provide]                        PROVIDE (__fini_array_end, ABSOLUTE (.))
 *(.eh_frame)
 *(.gcc_except_table .gcc_except_table.*)
 *(.dynamic)
                [!provide]                        PROVIDE (__CTOR_LIST__, ABSOLUTE (.))
 *(.ctors)
 *(SORT(.ctors.*))
                [!provide]                        PROVIDE (__CTOR_END__, ABSOLUTE (.))
                [!provide]                        PROVIDE (__DTOR_LIST__, ABSOLUTE (.))
 *(.dtors)
 *(SORT(.dtors.*))
                [!provide]                        PROVIDE (__DTOR_END__, ABSOLUTE (.))
 *(.jcr)
                0x0000000008001efc                . = ALIGN (0x4)

.rodata         0x0000000008001efc      0x19c
                0x0000000008001efc                PROVIDE (__ram_rodata_start, ABSOLUTE (.))
                0x0000000008001efc                . = ALIGN (0x4)
 *(.rodata .rodata.* .gnu.linkonce.r.*)
 .rodata.str1.4
                0x0000000008001efc       0x15 obj/default/hello_world_small.o
 *fill*         0x0000000008001f11        0x3 
 .rodata.str1.4
                0x0000000008001f14       0x81 obj/default/main.o
 .rodata        0x0000000008001f95      0x100 /home/andreasb/intelFPGA_lite/16.1/nios2eds/bin/gnu/H-x86_64-pc-linux-gnu/bin/../lib/gcc/nios2-elf/5.3.0/mno-hw-mul/libgcc.a(_clz.o)
                0x0000000008001f95                __clz_tab
 .rodata.str1.4
                0x0000000008002095       0x84 /home/andreasb/intelFPGA_lite/16.1/nios2eds/bin/gnu/H-x86_64-pc-linux-gnu/bin/../lib/gcc/nios2-elf/5.3.0/../../../../../H-x86_64-pc-linux-gnu/nios2-elf/lib/mno-hw-mul/libsmallc.a(lib_a-puts.o)
                                          0x2 (size before relaxing)
 *(.rodata1)
                0x000000000800211c                . = ALIGN (0x4)
 *fill*         0x0000000008002095        0x3 
                0x0000000008002098                PROVIDE (__ram_rodata_end, ABSOLUTE (.))
                0x0000000008001efc                PROVIDE (__flash_rodata_start, LOADADDR (.rodata))

.rwdata         0x0000000008002098       0xf4 load address 0x000000000800218c
                0x0000000008002098                PROVIDE (__ram_rwdata_start, ABSOLUTE (.))
                0x0000000008002098                . = ALIGN (0x4)
 *(.got.plt)
 *(.got)
 *(.data1)
 *(.data .data.* .gnu.linkonce.d.*)
 .data          0x0000000008002098        0x0 ../lab5_bsp//obj/HAL/src/crt0.o
 .data          0x0000000008002098        0x0 obj/default/hello_world_small.o
 .data          0x0000000008002098        0x0 obj/default/main.o
 .data          0x0000000008002098        0x0 /home/andreasb/intelFPGA_lite/16.1/nios2eds/bin/gnu/H-x86_64-pc-linux-gnu/bin/../lib/gcc/nios2-elf/5.3.0/mno-hw-mul/libgcc.a(lib2-divmod.o)
 .data          0x0000000008002098        0x0 /home/andreasb/intelFPGA_lite/16.1/nios2eds/bin/gnu/H-x86_64-pc-linux-gnu/bin/../lib/gcc/nios2-elf/5.3.0/mno-hw-mul/libgcc.a(lib2-mul.o)
 .data          0x0000000008002098        0x0 /home/andreasb/intelFPGA_lite/16.1/nios2eds/bin/gnu/H-x86_64-pc-linux-gnu/bin/../lib/gcc/nios2-elf/5.3.0/mno-hw-mul/libgcc.a(adddf3.o)
 .data          0x0000000008002098        0x0 /home/andreasb/intelFPGA_lite/16.1/nios2eds/bin/gnu/H-x86_64-pc-linux-gnu/bin/../lib/gcc/nios2-elf/5.3.0/mno-hw-mul/libgcc.a(divdf3.o)
 .data          0x0000000008002098        0x0 /home/andreasb/intelFPGA_lite/16.1/nios2eds/bin/gnu/H-x86_64-pc-linux-gnu/bin/../lib/gcc/nios2-elf/5.3.0/mno-hw-mul/libgcc.a(floatsidf.o)
 .data          0x0000000008002098        0x0 /home/andreasb/intelFPGA_lite/16.1/nios2eds/bin/gnu/H-x86_64-pc-linux-gnu/bin/../lib/gcc/nios2-elf/5.3.0/mno-hw-mul/libgcc.a(_clzsi2.o)
 .data          0x0000000008002098        0x0 /home/andreasb/intelFPGA_lite/16.1/nios2eds/bin/gnu/H-x86_64-pc-linux-gnu/bin/../lib/gcc/nios2-elf/5.3.0/mno-hw-mul/libgcc.a(_clz.o)
 .data          0x0000000008002098        0x0 /home/andreasb/intelFPGA_lite/16.1/nios2eds/bin/gnu/H-x86_64-pc-linux-gnu/bin/../lib/gcc/nios2-elf/5.3.0/../../../../../H-x86_64-pc-linux-gnu/nios2-elf/lib/mno-hw-mul/libsmallc.a(lib_a-puts.o)
 .data          0x0000000008002098        0x0 /home/andreasb/intelFPGA_lite/16.1/nios2eds/bin/gnu/H-x86_64-pc-linux-gnu/bin/../lib/gcc/nios2-elf/5.3.0/../../../../../H-x86_64-pc-linux-gnu/nios2-elf/lib/mno-hw-mul/libsmallc.a(lib_a-strlen.o)
 .data          0x0000000008002098        0x0 /home/andreasb/intelFPGA_lite/16.1/nios2eds/bin/gnu/H-x86_64-pc-linux-gnu/bin/../lib/gcc/nios2-elf/5.3.0/../../../../../H-x86_64-pc-linux-gnu/nios2-elf/lib/mno-hw-mul/libsmallc.a(lib_a-fvwrite_small_dev.o)
 .data          0x0000000008002098        0x0 /home/andreasb/intelFPGA_lite/16.1/nios2eds/bin/gnu/H-x86_64-pc-linux-gnu/bin/../lib/gcc/nios2-elf/5.3.0/../../../../../H-x86_64-pc-linux-gnu/nios2-elf/lib/mno-hw-mul/libsmallc.a(lib_a-impure.o)
 .data.impure_data
                0x0000000008002098       0xe0 /home/andreasb/intelFPGA_lite/16.1/nios2eds/bin/gnu/H-x86_64-pc-linux-gnu/bin/../lib/gcc/nios2-elf/5.3.0/../../../../../H-x86_64-pc-linux-gnu/nios2-elf/lib/mno-hw-mul/libsmallc.a(lib_a-impure.o)
 .data          0x0000000008002178        0x0 /home/andreasb/intelFPGA_lite/16.1/nios2eds/bin/gnu/H-x86_64-pc-linux-gnu/bin/../lib/gcc/nios2-elf/5.3.0/../../../../../H-x86_64-pc-linux-gnu/nios2-elf/lib/mno-hw-mul/libsmallc.a(lib_a-writer.o)
 .data          0x0000000008002178        0x0 /home/andreasb/intelFPGA_lite/16.1/nios2eds/bin/gnu/H-x86_64-pc-linux-gnu/bin/../lib/gcc/nios2-elf/5.3.0/../../../../../H-x86_64-pc-linux-gnu/nios2-elf/lib/mno-hw-mul/libsmallc.a(lib_a-int_errno.o)
 .data          0x0000000008002178        0x0 ../lab5_bsp//libhal_bsp.a(alt_iic.o)
 .data          0x0000000008002178        0x0 ../lab5_bsp//libhal_bsp.a(alt_iic_isr_register.o)
 .data          0x0000000008002178        0x0 ../lab5_bsp//libhal_bsp.a(alt_irq_entry.o)
 .data          0x0000000008002178        0x0 ../lab5_bsp//libhal_bsp.a(alt_irq_handler.o)
 .data          0x0000000008002178        0x0 ../lab5_bsp//libhal_bsp.a(alt_irq_vars.o)
 .data          0x0000000008002178        0x0 ../lab5_bsp//libhal_bsp.a(alt_load.o)
 .data          0x0000000008002178        0x0 ../lab5_bsp//libhal_bsp.a(alt_main.o)
 .data          0x0000000008002178        0x0 ../lab5_bsp//libhal_bsp.a(alt_putstr.o)
 .data          0x0000000008002178        0x0 ../lab5_bsp//libhal_bsp.a(alt_write.o)
 .data          0x0000000008002178        0x0 ../lab5_bsp//libhal_bsp.a(alt_sys_init.o)
 .data          0x0000000008002178        0x0 ../lab5_bsp//libhal_bsp.a(altera_avalon_jtag_uart_write.o)
 .data          0x0000000008002178        0x0 ../lab5_bsp//libhal_bsp.a(altera_avalon_performance_counter.o)
 .data          0x0000000008002178        0x0 ../lab5_bsp//libhal_bsp.a(alt_dcache_flush_all.o)
 .data          0x0000000008002178        0x0 ../lab5_bsp//libhal_bsp.a(alt_errno.o)
 .data          0x0000000008002178        0x0 ../lab5_bsp//libhal_bsp.a(alt_exception_entry.o)
 .data          0x0000000008002178        0x0 ../lab5_bsp//libhal_bsp.a(alt_icache_flush_all.o)
 .data          0x0000000008002178        0x0 ../lab5_bsp//libhal_bsp.a(altera_nios2_qsys_irq.o)
                0x000000000800a178                _gp = ABSOLUTE ((. + 0x8000))
                [!provide]                        PROVIDE (gp, _gp)
 *(.rwdata .rwdata.*)
 *(.sdata .sdata.* .gnu.linkonce.s.*)
 .sdata._global_impure_ptr
                0x0000000008002178        0x4 /home/andreasb/intelFPGA_lite/16.1/nios2eds/bin/gnu/H-x86_64-pc-linux-gnu/bin/../lib/gcc/nios2-elf/5.3.0/../../../../../H-x86_64-pc-linux-gnu/nios2-elf/lib/mno-hw-mul/libsmallc.a(lib_a-impure.o)
                0x0000000008002178                _global_impure_ptr
 .sdata._impure_ptr
                0x000000000800217c        0x4 /home/andreasb/intelFPGA_lite/16.1/nios2eds/bin/gnu/H-x86_64-pc-linux-gnu/bin/../lib/gcc/nios2-elf/5.3.0/../../../../../H-x86_64-pc-linux-gnu/nios2-elf/lib/mno-hw-mul/libsmallc.a(lib_a-impure.o)
                0x000000000800217c                _impure_ptr
 .sdata         0x0000000008002180        0x4 ../lab5_bsp//libhal_bsp.a(alt_irq_vars.o)
                0x0000000008002180                alt_priority_mask
 .sdata         0x0000000008002184        0x4 ../lab5_bsp//libhal_bsp.a(alt_sys_init.o)
                0x0000000008002184                jtag_uart_0
 .sdata         0x0000000008002188        0x4 ../lab5_bsp//libhal_bsp.a(alt_errno.o)
                0x0000000008002188                alt_errno
 *(.sdata2 .sdata2.* .gnu.linkonce.s2.*)
                0x000000000800218c                . = ALIGN (0x4)
                0x000000000800218c                _edata = ABSOLUTE (.)
                [!provide]                        PROVIDE (edata, ABSOLUTE (.))
                0x000000000800218c                PROVIDE (__ram_rwdata_end, ABSOLUTE (.))
                0x000000000800218c                PROVIDE (__flash_rwdata_start, LOADADDR (.rwdata))

.bss            0x0000000008002280      0x120
                0x0000000008002280                __bss_start = ABSOLUTE (.)
                [!provide]                        PROVIDE (__sbss_start, ABSOLUTE (.))
                [!provide]                        PROVIDE (___sbss_start, ABSOLUTE (.))
 *(.dynsbss)
 *(.sbss .sbss.* .gnu.linkonce.sb.*)
 .sbss          0x0000000008002280        0xc obj/default/main.o
                0x0000000008002280                key_edge
                0x0000000008002284                led_position
                0x0000000008002288                test
 .sbss          0x000000000800228c        0x4 /home/andreasb/intelFPGA_lite/16.1/nios2eds/bin/gnu/H-x86_64-pc-linux-gnu/bin/../lib/gcc/nios2-elf/5.3.0/../../../../../H-x86_64-pc-linux-gnu/nios2-elf/lib/mno-hw-mul/libsmallc.a(lib_a-int_errno.o)
                0x000000000800228c                errno
 .sbss          0x0000000008002290        0x4 ../lab5_bsp//libhal_bsp.a(alt_irq_vars.o)
                0x0000000008002290                alt_irq_active
 .sbss          0x0000000008002294        0xc ../lab5_bsp//libhal_bsp.a(alt_main.o)
                0x0000000008002294                alt_envp
                0x0000000008002298                alt_argv
                0x000000000800229c                alt_argc
 *(.sbss2 .sbss2.* .gnu.linkonce.sb2.*)
 *(.scommon)
                [!provide]                        PROVIDE (__sbss_end, ABSOLUTE (.))
                [!provide]                        PROVIDE (___sbss_end, ABSOLUTE (.))
 *(.dynbss)
 *(.bss .bss.* .gnu.linkonce.b.*)
 .bss           0x00000000080022a0        0x0 ../lab5_bsp//obj/HAL/src/crt0.o
 .bss           0x00000000080022a0        0x0 obj/default/hello_world_small.o
 .bss           0x00000000080022a0        0x0 obj/default/main.o
 .bss           0x00000000080022a0        0x0 /home/andreasb/intelFPGA_lite/16.1/nios2eds/bin/gnu/H-x86_64-pc-linux-gnu/bin/../lib/gcc/nios2-elf/5.3.0/mno-hw-mul/libgcc.a(lib2-divmod.o)
 .bss           0x00000000080022a0        0x0 /home/andreasb/intelFPGA_lite/16.1/nios2eds/bin/gnu/H-x86_64-pc-linux-gnu/bin/../lib/gcc/nios2-elf/5.3.0/mno-hw-mul/libgcc.a(lib2-mul.o)
 .bss           0x00000000080022a0        0x0 /home/andreasb/intelFPGA_lite/16.1/nios2eds/bin/gnu/H-x86_64-pc-linux-gnu/bin/../lib/gcc/nios2-elf/5.3.0/mno-hw-mul/libgcc.a(adddf3.o)
 .bss           0x00000000080022a0        0x0 /home/andreasb/intelFPGA_lite/16.1/nios2eds/bin/gnu/H-x86_64-pc-linux-gnu/bin/../lib/gcc/nios2-elf/5.3.0/mno-hw-mul/libgcc.a(divdf3.o)
 .bss           0x00000000080022a0        0x0 /home/andreasb/intelFPGA_lite/16.1/nios2eds/bin/gnu/H-x86_64-pc-linux-gnu/bin/../lib/gcc/nios2-elf/5.3.0/mno-hw-mul/libgcc.a(floatsidf.o)
 .bss           0x00000000080022a0        0x0 /home/andreasb/intelFPGA_lite/16.1/nios2eds/bin/gnu/H-x86_64-pc-linux-gnu/bin/../lib/gcc/nios2-elf/5.3.0/mno-hw-mul/libgcc.a(_clzsi2.o)
 .bss           0x00000000080022a0        0x0 /home/andreasb/intelFPGA_lite/16.1/nios2eds/bin/gnu/H-x86_64-pc-linux-gnu/bin/../lib/gcc/nios2-elf/5.3.0/mno-hw-mul/libgcc.a(_clz.o)
 .bss           0x00000000080022a0        0x0 /home/andreasb/intelFPGA_lite/16.1/nios2eds/bin/gnu/H-x86_64-pc-linux-gnu/bin/../lib/gcc/nios2-elf/5.3.0/../../../../../H-x86_64-pc-linux-gnu/nios2-elf/lib/mno-hw-mul/libsmallc.a(lib_a-puts.o)
 .bss           0x00000000080022a0        0x0 /home/andreasb/intelFPGA_lite/16.1/nios2eds/bin/gnu/H-x86_64-pc-linux-gnu/bin/../lib/gcc/nios2-elf/5.3.0/../../../../../H-x86_64-pc-linux-gnu/nios2-elf/lib/mno-hw-mul/libsmallc.a(lib_a-strlen.o)
 .bss           0x00000000080022a0        0x0 /home/andreasb/intelFPGA_lite/16.1/nios2eds/bin/gnu/H-x86_64-pc-linux-gnu/bin/../lib/gcc/nios2-elf/5.3.0/../../../../../H-x86_64-pc-linux-gnu/nios2-elf/lib/mno-hw-mul/libsmallc.a(lib_a-fvwrite_small_dev.o)
 .bss           0x00000000080022a0        0x0 /home/andreasb/intelFPGA_lite/16.1/nios2eds/bin/gnu/H-x86_64-pc-linux-gnu/bin/../lib/gcc/nios2-elf/5.3.0/../../../../../H-x86_64-pc-linux-gnu/nios2-elf/lib/mno-hw-mul/libsmallc.a(lib_a-impure.o)
 .bss           0x00000000080022a0        0x0 /home/andreasb/intelFPGA_lite/16.1/nios2eds/bin/gnu/H-x86_64-pc-linux-gnu/bin/../lib/gcc/nios2-elf/5.3.0/../../../../../H-x86_64-pc-linux-gnu/nios2-elf/lib/mno-hw-mul/libsmallc.a(lib_a-writer.o)
 .bss           0x00000000080022a0        0x0 /home/andreasb/intelFPGA_lite/16.1/nios2eds/bin/gnu/H-x86_64-pc-linux-gnu/bin/../lib/gcc/nios2-elf/5.3.0/../../../../../H-x86_64-pc-linux-gnu/nios2-elf/lib/mno-hw-mul/libsmallc.a(lib_a-int_errno.o)
 .bss           0x00000000080022a0        0x0 ../lab5_bsp//libhal_bsp.a(alt_iic.o)
 .bss           0x00000000080022a0        0x0 ../lab5_bsp//libhal_bsp.a(alt_iic_isr_register.o)
 .bss           0x00000000080022a0        0x0 ../lab5_bsp//libhal_bsp.a(alt_irq_entry.o)
 .bss           0x00000000080022a0        0x0 ../lab5_bsp//libhal_bsp.a(alt_irq_handler.o)
 .bss           0x00000000080022a0        0x0 ../lab5_bsp//libhal_bsp.a(alt_irq_vars.o)
 .bss           0x00000000080022a0        0x0 ../lab5_bsp//libhal_bsp.a(alt_load.o)
 .bss           0x00000000080022a0        0x0 ../lab5_bsp//libhal_bsp.a(alt_main.o)
 .bss           0x00000000080022a0        0x0 ../lab5_bsp//libhal_bsp.a(alt_putstr.o)
 .bss           0x00000000080022a0        0x0 ../lab5_bsp//libhal_bsp.a(alt_write.o)
 .bss           0x00000000080022a0        0x0 ../lab5_bsp//libhal_bsp.a(alt_sys_init.o)
 .bss           0x00000000080022a0        0x0 ../lab5_bsp//libhal_bsp.a(altera_avalon_jtag_uart_write.o)
 .bss           0x00000000080022a0        0x0 ../lab5_bsp//libhal_bsp.a(altera_avalon_performance_counter.o)
 .bss           0x00000000080022a0        0x0 ../lab5_bsp//libhal_bsp.a(alt_dcache_flush_all.o)
 .bss           0x00000000080022a0        0x0 ../lab5_bsp//libhal_bsp.a(alt_errno.o)
 .bss           0x00000000080022a0        0x0 ../lab5_bsp//libhal_bsp.a(alt_exception_entry.o)
 .bss           0x00000000080022a0        0x0 ../lab5_bsp//libhal_bsp.a(alt_icache_flush_all.o)
 .bss           0x00000000080022a0        0x0 ../lab5_bsp//libhal_bsp.a(altera_nios2_qsys_irq.o)
 *(COMMON)
 COMMON         0x00000000080022a0      0x100 ../lab5_bsp//libhal_bsp.a(alt_irq_handler.o)
                0x00000000080022a0                alt_irq
                0x00000000080023a0                . = ALIGN (0x4)
                0x00000000080023a0                __bss_end = ABSOLUTE (.)

.onchip_memory2_0
                0x0000000000000000        0x0 load address 0x00000000080023a0
                [!provide]                        PROVIDE (_alt_partition_onchip_memory2_0_start, ABSOLUTE (.))
 *(.onchip_memory2_0 .onchip_memory2_0. onchip_memory2_0.*)
                0x0000000000000000                . = ALIGN (0x4)
                [!provide]                        PROVIDE (_alt_partition_onchip_memory2_0_end, ABSOLUTE (.))
                [!provide]                        PROVIDE (_alt_partition_onchip_memory2_0_load_addr, LOADADDR (.onchip_memory2_0))

.sdram          0x00000000080023a0        0x0
                [!provide]                        PROVIDE (_alt_partition_sdram_start, ABSOLUTE (.))
 *(.sdram .sdram. sdram.*)
                0x00000000080023a0                . = ALIGN (0x4)
                [!provide]                        PROVIDE (_alt_partition_sdram_end, ABSOLUTE (.))
                0x00000000080023a0                _end = ABSOLUTE (.)
                0x00000000080023a0                end = ABSOLUTE (.)
                0x00000000080023a0                __alt_stack_base = ABSOLUTE (.)
                [!provide]                        PROVIDE (_alt_partition_sdram_load_addr, LOADADDR (.sdram))

.stab
 *(.stab)

.stabstr
 *(.stabstr)

.stab.excl
 *(.stab.excl)

.stab.exclstr
 *(.stab.exclstr)

.stab.index
 *(.stab.index)

.stab.indexstr
 *(.stab.indexstr)

.comment        0x0000000000000000       0x23
 *(.comment)
 .comment       0x0000000000000000       0x23 obj/default/hello_world_small.o
                                         0x24 (size before relaxing)
 .comment       0x0000000000000023       0x24 obj/default/main.o
 .comment       0x0000000000000023       0x24 /home/andreasb/intelFPGA_lite/16.1/nios2eds/bin/gnu/H-x86_64-pc-linux-gnu/bin/../lib/gcc/nios2-elf/5.3.0/mno-hw-mul/libgcc.a(lib2-divmod.o)
 .comment       0x0000000000000023       0x24 /home/andreasb/intelFPGA_lite/16.1/nios2eds/bin/gnu/H-x86_64-pc-linux-gnu/bin/../lib/gcc/nios2-elf/5.3.0/mno-hw-mul/libgcc.a(lib2-mul.o)
 .comment       0x0000000000000023       0x24 /home/andreasb/intelFPGA_lite/16.1/nios2eds/bin/gnu/H-x86_64-pc-linux-gnu/bin/../lib/gcc/nios2-elf/5.3.0/mno-hw-mul/libgcc.a(adddf3.o)
 .comment       0x0000000000000023       0x24 /home/andreasb/intelFPGA_lite/16.1/nios2eds/bin/gnu/H-x86_64-pc-linux-gnu/bin/../lib/gcc/nios2-elf/5.3.0/mno-hw-mul/libgcc.a(divdf3.o)
 .comment       0x0000000000000023       0x24 /home/andreasb/intelFPGA_lite/16.1/nios2eds/bin/gnu/H-x86_64-pc-linux-gnu/bin/../lib/gcc/nios2-elf/5.3.0/mno-hw-mul/libgcc.a(floatsidf.o)
 .comment       0x0000000000000023       0x24 /home/andreasb/intelFPGA_lite/16.1/nios2eds/bin/gnu/H-x86_64-pc-linux-gnu/bin/../lib/gcc/nios2-elf/5.3.0/mno-hw-mul/libgcc.a(_clzsi2.o)
 .comment       0x0000000000000023       0x24 /home/andreasb/intelFPGA_lite/16.1/nios2eds/bin/gnu/H-x86_64-pc-linux-gnu/bin/../lib/gcc/nios2-elf/5.3.0/mno-hw-mul/libgcc.a(_clz.o)
 .comment       0x0000000000000023       0x24 /home/andreasb/intelFPGA_lite/16.1/nios2eds/bin/gnu/H-x86_64-pc-linux-gnu/bin/../lib/gcc/nios2-elf/5.3.0/../../../../../H-x86_64-pc-linux-gnu/nios2-elf/lib/mno-hw-mul/libsmallc.a(lib_a-puts.o)
 .comment       0x0000000000000023       0x24 /home/andreasb/intelFPGA_lite/16.1/nios2eds/bin/gnu/H-x86_64-pc-linux-gnu/bin/../lib/gcc/nios2-elf/5.3.0/../../../../../H-x86_64-pc-linux-gnu/nios2-elf/lib/mno-hw-mul/libsmallc.a(lib_a-strlen.o)
 .comment       0x0000000000000023       0x24 /home/andreasb/intelFPGA_lite/16.1/nios2eds/bin/gnu/H-x86_64-pc-linux-gnu/bin/../lib/gcc/nios2-elf/5.3.0/../../../../../H-x86_64-pc-linux-gnu/nios2-elf/lib/mno-hw-mul/libsmallc.a(lib_a-fvwrite_small_dev.o)
 .comment       0x0000000000000023       0x24 /home/andreasb/intelFPGA_lite/16.1/nios2eds/bin/gnu/H-x86_64-pc-linux-gnu/bin/../lib/gcc/nios2-elf/5.3.0/../../../../../H-x86_64-pc-linux-gnu/nios2-elf/lib/mno-hw-mul/libsmallc.a(lib_a-impure.o)
 .comment       0x0000000000000023       0x24 /home/andreasb/intelFPGA_lite/16.1/nios2eds/bin/gnu/H-x86_64-pc-linux-gnu/bin/../lib/gcc/nios2-elf/5.3.0/../../../../../H-x86_64-pc-linux-gnu/nios2-elf/lib/mno-hw-mul/libsmallc.a(lib_a-writer.o)
 .comment       0x0000000000000023       0x24 /home/andreasb/intelFPGA_lite/16.1/nios2eds/bin/gnu/H-x86_64-pc-linux-gnu/bin/../lib/gcc/nios2-elf/5.3.0/../../../../../H-x86_64-pc-linux-gnu/nios2-elf/lib/mno-hw-mul/libsmallc.a(lib_a-int_errno.o)
 .comment       0x0000000000000023       0x24 ../lab5_bsp//libhal_bsp.a(alt_iic.o)
 .comment       0x0000000000000023       0x24 ../lab5_bsp//libhal_bsp.a(alt_iic_isr_register.o)
 .comment       0x0000000000000023       0x24 ../lab5_bsp//libhal_bsp.a(alt_irq_handler.o)
 .comment       0x0000000000000023       0x24 ../lab5_bsp//libhal_bsp.a(alt_irq_vars.o)
 .comment       0x0000000000000023       0x24 ../lab5_bsp//libhal_bsp.a(alt_load.o)
 .comment       0x0000000000000023       0x24 ../lab5_bsp//libhal_bsp.a(alt_main.o)
 .comment       0x0000000000000023       0x24 ../lab5_bsp//libhal_bsp.a(alt_putstr.o)
 .comment       0x0000000000000023       0x24 ../lab5_bsp//libhal_bsp.a(alt_write.o)
 .comment       0x0000000000000023       0x24 ../lab5_bsp//libhal_bsp.a(alt_sys_init.o)
 .comment       0x0000000000000023       0x24 ../lab5_bsp//libhal_bsp.a(altera_avalon_jtag_uart_write.o)
 .comment       0x0000000000000023       0x24 ../lab5_bsp//libhal_bsp.a(altera_avalon_performance_counter.o)
 .comment       0x0000000000000023       0x24 ../lab5_bsp//libhal_bsp.a(alt_dcache_flush_all.o)
 .comment       0x0000000000000023       0x24 ../lab5_bsp//libhal_bsp.a(alt_errno.o)
 .comment       0x0000000000000023       0x24 ../lab5_bsp//libhal_bsp.a(alt_icache_flush_all.o)
 .comment       0x0000000000000023       0x24 ../lab5_bsp//libhal_bsp.a(altera_nios2_qsys_irq.o)

.debug
 *(.debug)

.line
 *(.line)

.debug_srcinfo
 *(.debug_srcinfo)

.debug_sfnames
 *(.debug_sfnames)

.debug_aranges  0x0000000000000000      0x438
 *(.debug_aranges)
 .debug_aranges
                0x0000000000000000       0x28 ../lab5_bsp//obj/HAL/src/crt0.o
 .debug_aranges
                0x0000000000000028       0x20 obj/default/hello_world_small.o
 .debug_aranges
                0x0000000000000048       0x28 obj/default/main.o
 .debug_aranges
                0x0000000000000070       0x20 /home/andreasb/intelFPGA_lite/16.1/nios2eds/bin/gnu/H-x86_64-pc-linux-gnu/bin/../lib/gcc/nios2-elf/5.3.0/mno-hw-mul/libgcc.a(lib2-divmod.o)
 .debug_aranges
                0x0000000000000090       0x20 /home/andreasb/intelFPGA_lite/16.1/nios2eds/bin/gnu/H-x86_64-pc-linux-gnu/bin/../lib/gcc/nios2-elf/5.3.0/mno-hw-mul/libgcc.a(lib2-mul.o)
 .debug_aranges
                0x00000000000000b0       0x20 /home/andreasb/intelFPGA_lite/16.1/nios2eds/bin/gnu/H-x86_64-pc-linux-gnu/bin/../lib/gcc/nios2-elf/5.3.0/mno-hw-mul/libgcc.a(adddf3.o)
 .debug_aranges
                0x00000000000000d0       0x20 /home/andreasb/intelFPGA_lite/16.1/nios2eds/bin/gnu/H-x86_64-pc-linux-gnu/bin/../lib/gcc/nios2-elf/5.3.0/mno-hw-mul/libgcc.a(divdf3.o)
 .debug_aranges
                0x00000000000000f0       0x20 /home/andreasb/intelFPGA_lite/16.1/nios2eds/bin/gnu/H-x86_64-pc-linux-gnu/bin/../lib/gcc/nios2-elf/5.3.0/mno-hw-mul/libgcc.a(floatsidf.o)
 .debug_aranges
                0x0000000000000110       0x20 /home/andreasb/intelFPGA_lite/16.1/nios2eds/bin/gnu/H-x86_64-pc-linux-gnu/bin/../lib/gcc/nios2-elf/5.3.0/mno-hw-mul/libgcc.a(_clzsi2.o)
 .debug_aranges
                0x0000000000000130       0x18 /home/andreasb/intelFPGA_lite/16.1/nios2eds/bin/gnu/H-x86_64-pc-linux-gnu/bin/../lib/gcc/nios2-elf/5.3.0/mno-hw-mul/libgcc.a(_clz.o)
 .debug_aranges
                0x0000000000000148       0x28 /home/andreasb/intelFPGA_lite/16.1/nios2eds/bin/gnu/H-x86_64-pc-linux-gnu/bin/../lib/gcc/nios2-elf/5.3.0/../../../../../H-x86_64-pc-linux-gnu/nios2-elf/lib/mno-hw-mul/libsmallc.a(lib_a-puts.o)
 .debug_aranges
                0x0000000000000170       0x20 /home/andreasb/intelFPGA_lite/16.1/nios2eds/bin/gnu/H-x86_64-pc-linux-gnu/bin/../lib/gcc/nios2-elf/5.3.0/../../../../../H-x86_64-pc-linux-gnu/nios2-elf/lib/mno-hw-mul/libsmallc.a(lib_a-strlen.o)
 .debug_aranges
                0x0000000000000190       0x20 /home/andreasb/intelFPGA_lite/16.1/nios2eds/bin/gnu/H-x86_64-pc-linux-gnu/bin/../lib/gcc/nios2-elf/5.3.0/../../../../../H-x86_64-pc-linux-gnu/nios2-elf/lib/mno-hw-mul/libsmallc.a(lib_a-fvwrite_small_dev.o)
 .debug_aranges
                0x00000000000001b0       0x18 /home/andreasb/intelFPGA_lite/16.1/nios2eds/bin/gnu/H-x86_64-pc-linux-gnu/bin/../lib/gcc/nios2-elf/5.3.0/../../../../../H-x86_64-pc-linux-gnu/nios2-elf/lib/mno-hw-mul/libsmallc.a(lib_a-impure.o)
 .debug_aranges
                0x00000000000001c8       0x20 /home/andreasb/intelFPGA_lite/16.1/nios2eds/bin/gnu/H-x86_64-pc-linux-gnu/bin/../lib/gcc/nios2-elf/5.3.0/../../../../../H-x86_64-pc-linux-gnu/nios2-elf/lib/mno-hw-mul/libsmallc.a(lib_a-writer.o)
 .debug_aranges
                0x00000000000001e8       0x18 /home/andreasb/intelFPGA_lite/16.1/nios2eds/bin/gnu/H-x86_64-pc-linux-gnu/bin/../lib/gcc/nios2-elf/5.3.0/../../../../../H-x86_64-pc-linux-gnu/nios2-elf/lib/mno-hw-mul/libsmallc.a(lib_a-int_errno.o)
 .debug_aranges
                0x0000000000000200       0x20 ../lab5_bsp//libhal_bsp.a(alt_iic.o)
 .debug_aranges
                0x0000000000000220       0x20 ../lab5_bsp//libhal_bsp.a(alt_iic_isr_register.o)
 .debug_aranges
                0x0000000000000240       0x30 ../lab5_bsp//libhal_bsp.a(alt_irq_entry.o)
 .debug_aranges
                0x0000000000000270       0x20 ../lab5_bsp//libhal_bsp.a(alt_irq_handler.o)
 .debug_aranges
                0x0000000000000290       0x18 ../lab5_bsp//libhal_bsp.a(alt_irq_vars.o)
 .debug_aranges
                0x00000000000002a8       0x20 ../lab5_bsp//libhal_bsp.a(alt_load.o)
 .debug_aranges
                0x00000000000002c8       0x20 ../lab5_bsp//libhal_bsp.a(alt_main.o)
 .debug_aranges
                0x00000000000002e8       0x20 ../lab5_bsp//libhal_bsp.a(alt_putstr.o)
 .debug_aranges
                0x0000000000000308       0x20 ../lab5_bsp//libhal_bsp.a(alt_write.o)
 .debug_aranges
                0x0000000000000328       0x20 ../lab5_bsp//libhal_bsp.a(alt_sys_init.o)
 .debug_aranges
                0x0000000000000348       0x20 ../lab5_bsp//libhal_bsp.a(altera_avalon_jtag_uart_write.o)
 .debug_aranges
                0x0000000000000368       0x20 ../lab5_bsp//libhal_bsp.a(altera_avalon_performance_counter.o)
 .debug_aranges
                0x0000000000000388       0x20 ../lab5_bsp//libhal_bsp.a(alt_dcache_flush_all.o)
 .debug_aranges
                0x00000000000003a8       0x18 ../lab5_bsp//libhal_bsp.a(alt_errno.o)
 .debug_aranges
                0x00000000000003c0       0x38 ../lab5_bsp//libhal_bsp.a(alt_exception_entry.o)
 .debug_aranges
                0x00000000000003f8       0x20 ../lab5_bsp//libhal_bsp.a(alt_icache_flush_all.o)
 .debug_aranges
                0x0000000000000418       0x20 ../lab5_bsp//libhal_bsp.a(altera_nios2_qsys_irq.o)

.debug_pubnames
 *(.debug_pubnames)

.debug_info     0x0000000000000000     0x454f
 *(.debug_info .gnu.linkonce.wi.*)
 .debug_info    0x0000000000000000       0x6e ../lab5_bsp//obj/HAL/src/crt0.o
 .debug_info    0x000000000000006e       0x65 obj/default/hello_world_small.o
 .debug_info    0x00000000000000d3      0x332 obj/default/main.o
 .debug_info    0x0000000000000405      0x2c6 /home/andreasb/intelFPGA_lite/16.1/nios2eds/bin/gnu/H-x86_64-pc-linux-gnu/bin/../lib/gcc/nios2-elf/5.3.0/mno-hw-mul/libgcc.a(lib2-divmod.o)
 .debug_info    0x00000000000006cb       0xb4 /home/andreasb/intelFPGA_lite/16.1/nios2eds/bin/gnu/H-x86_64-pc-linux-gnu/bin/../lib/gcc/nios2-elf/5.3.0/mno-hw-mul/libgcc.a(lib2-mul.o)
 .debug_info    0x000000000000077f      0x4a2 /home/andreasb/intelFPGA_lite/16.1/nios2eds/bin/gnu/H-x86_64-pc-linux-gnu/bin/../lib/gcc/nios2-elf/5.3.0/mno-hw-mul/libgcc.a(adddf3.o)
 .debug_info    0x0000000000000c21      0x5bf /home/andreasb/intelFPGA_lite/16.1/nios2eds/bin/gnu/H-x86_64-pc-linux-gnu/bin/../lib/gcc/nios2-elf/5.3.0/mno-hw-mul/libgcc.a(divdf3.o)
 .debug_info    0x00000000000011e0      0x1bc /home/andreasb/intelFPGA_lite/16.1/nios2eds/bin/gnu/H-x86_64-pc-linux-gnu/bin/../lib/gcc/nios2-elf/5.3.0/mno-hw-mul/libgcc.a(floatsidf.o)
 .debug_info    0x000000000000139c      0x124 /home/andreasb/intelFPGA_lite/16.1/nios2eds/bin/gnu/H-x86_64-pc-linux-gnu/bin/../lib/gcc/nios2-elf/5.3.0/mno-hw-mul/libgcc.a(_clzsi2.o)
 .debug_info    0x00000000000014c0       0xb2 /home/andreasb/intelFPGA_lite/16.1/nios2eds/bin/gnu/H-x86_64-pc-linux-gnu/bin/../lib/gcc/nios2-elf/5.3.0/mno-hw-mul/libgcc.a(_clz.o)
 .debug_info    0x0000000000001572      0x66d /home/andreasb/intelFPGA_lite/16.1/nios2eds/bin/gnu/H-x86_64-pc-linux-gnu/bin/../lib/gcc/nios2-elf/5.3.0/../../../../../H-x86_64-pc-linux-gnu/nios2-elf/lib/mno-hw-mul/libsmallc.a(lib_a-puts.o)
 .debug_info    0x0000000000001bdf       0xc9 /home/andreasb/intelFPGA_lite/16.1/nios2eds/bin/gnu/H-x86_64-pc-linux-gnu/bin/../lib/gcc/nios2-elf/5.3.0/../../../../../H-x86_64-pc-linux-gnu/nios2-elf/lib/mno-hw-mul/libsmallc.a(lib_a-strlen.o)
 .debug_info    0x0000000000001ca8      0x62b /home/andreasb/intelFPGA_lite/16.1/nios2eds/bin/gnu/H-x86_64-pc-linux-gnu/bin/../lib/gcc/nios2-elf/5.3.0/../../../../../H-x86_64-pc-linux-gnu/nios2-elf/lib/mno-hw-mul/libsmallc.a(lib_a-fvwrite_small_dev.o)
 .debug_info    0x00000000000022d3      0x5a9 /home/andreasb/intelFPGA_lite/16.1/nios2eds/bin/gnu/H-x86_64-pc-linux-gnu/bin/../lib/gcc/nios2-elf/5.3.0/../../../../../H-x86_64-pc-linux-gnu/nios2-elf/lib/mno-hw-mul/libsmallc.a(lib_a-impure.o)
 .debug_info    0x000000000000287c      0x630 /home/andreasb/intelFPGA_lite/16.1/nios2eds/bin/gnu/H-x86_64-pc-linux-gnu/bin/../lib/gcc/nios2-elf/5.3.0/../../../../../H-x86_64-pc-linux-gnu/nios2-elf/lib/mno-hw-mul/libsmallc.a(lib_a-writer.o)
 .debug_info    0x0000000000002eac       0x8a /home/andreasb/intelFPGA_lite/16.1/nios2eds/bin/gnu/H-x86_64-pc-linux-gnu/bin/../lib/gcc/nios2-elf/5.3.0/../../../../../H-x86_64-pc-linux-gnu/nios2-elf/lib/mno-hw-mul/libsmallc.a(lib_a-int_errno.o)
 .debug_info    0x0000000000002f36      0x38a ../lab5_bsp//libhal_bsp.a(alt_iic.o)
 .debug_info    0x00000000000032c0      0x232 ../lab5_bsp//libhal_bsp.a(alt_iic_isr_register.o)
 .debug_info    0x00000000000034f2       0x77 ../lab5_bsp//libhal_bsp.a(alt_irq_entry.o)
 .debug_info    0x0000000000003569      0x184 ../lab5_bsp//libhal_bsp.a(alt_irq_handler.o)
 .debug_info    0x00000000000036ed       0x88 ../lab5_bsp//libhal_bsp.a(alt_irq_vars.o)
 .debug_info    0x0000000000003775      0x1c9 ../lab5_bsp//libhal_bsp.a(alt_load.o)
 .debug_info    0x000000000000393e      0x169 ../lab5_bsp//libhal_bsp.a(alt_main.o)
 .debug_info    0x0000000000003aa7      0x13a ../lab5_bsp//libhal_bsp.a(alt_putstr.o)
 .debug_info    0x0000000000003be1      0x1c7 ../lab5_bsp//libhal_bsp.a(alt_write.o)
 .debug_info    0x0000000000003da8      0x1a8 ../lab5_bsp//libhal_bsp.a(alt_sys_init.o)
 .debug_info    0x0000000000003f50      0x197 ../lab5_bsp//libhal_bsp.a(altera_avalon_jtag_uart_write.o)
 .debug_info    0x00000000000040e7      0x18f ../lab5_bsp//libhal_bsp.a(altera_avalon_performance_counter.o)
 .debug_info    0x0000000000004276       0x92 ../lab5_bsp//libhal_bsp.a(alt_dcache_flush_all.o)
 .debug_info    0x0000000000004308       0xa6 ../lab5_bsp//libhal_bsp.a(alt_errno.o)
 .debug_info    0x00000000000043ae       0x7d ../lab5_bsp//libhal_bsp.a(alt_exception_entry.o)
 .debug_info    0x000000000000442b       0x92 ../lab5_bsp//libhal_bsp.a(alt_icache_flush_all.o)
 .debug_info    0x00000000000044bd       0x92 ../lab5_bsp//libhal_bsp.a(altera_nios2_qsys_irq.o)

.debug_abbrev   0x0000000000000000     0x1bb6
 *(.debug_abbrev)
 .debug_abbrev  0x0000000000000000       0x12 ../lab5_bsp//obj/HAL/src/crt0.o
 .debug_abbrev  0x0000000000000012       0x64 obj/default/hello_world_small.o
 .debug_abbrev  0x0000000000000076      0x1a0 obj/default/main.o
 .debug_abbrev  0x0000000000000216      0x10e /home/andreasb/intelFPGA_lite/16.1/nios2eds/bin/gnu/H-x86_64-pc-linux-gnu/bin/../lib/gcc/nios2-elf/5.3.0/mno-hw-mul/libgcc.a(lib2-divmod.o)
 .debug_abbrev  0x0000000000000324       0x6f /home/andreasb/intelFPGA_lite/16.1/nios2eds/bin/gnu/H-x86_64-pc-linux-gnu/bin/../lib/gcc/nios2-elf/5.3.0/mno-hw-mul/libgcc.a(lib2-mul.o)
 .debug_abbrev  0x0000000000000393      0x13a /home/andreasb/intelFPGA_lite/16.1/nios2eds/bin/gnu/H-x86_64-pc-linux-gnu/bin/../lib/gcc/nios2-elf/5.3.0/mno-hw-mul/libgcc.a(adddf3.o)
 .debug_abbrev  0x00000000000004cd      0x12d /home/andreasb/intelFPGA_lite/16.1/nios2eds/bin/gnu/H-x86_64-pc-linux-gnu/bin/../lib/gcc/nios2-elf/5.3.0/mno-hw-mul/libgcc.a(divdf3.o)
 .debug_abbrev  0x00000000000005fa      0x124 /home/andreasb/intelFPGA_lite/16.1/nios2eds/bin/gnu/H-x86_64-pc-linux-gnu/bin/../lib/gcc/nios2-elf/5.3.0/mno-hw-mul/libgcc.a(floatsidf.o)
 .debug_abbrev  0x000000000000071e       0xbe /home/andreasb/intelFPGA_lite/16.1/nios2eds/bin/gnu/H-x86_64-pc-linux-gnu/bin/../lib/gcc/nios2-elf/5.3.0/mno-hw-mul/libgcc.a(_clzsi2.o)
 .debug_abbrev  0x00000000000007dc       0x5d /home/andreasb/intelFPGA_lite/16.1/nios2eds/bin/gnu/H-x86_64-pc-linux-gnu/bin/../lib/gcc/nios2-elf/5.3.0/mno-hw-mul/libgcc.a(_clz.o)
 .debug_abbrev  0x0000000000000839      0x1d6 /home/andreasb/intelFPGA_lite/16.1/nios2eds/bin/gnu/H-x86_64-pc-linux-gnu/bin/../lib/gcc/nios2-elf/5.3.0/../../../../../H-x86_64-pc-linux-gnu/nios2-elf/lib/mno-hw-mul/libsmallc.a(lib_a-puts.o)
 .debug_abbrev  0x0000000000000a0f       0x7f /home/andreasb/intelFPGA_lite/16.1/nios2eds/bin/gnu/H-x86_64-pc-linux-gnu/bin/../lib/gcc/nios2-elf/5.3.0/../../../../../H-x86_64-pc-linux-gnu/nios2-elf/lib/mno-hw-mul/libsmallc.a(lib_a-strlen.o)
 .debug_abbrev  0x0000000000000a8e      0x1bc /home/andreasb/intelFPGA_lite/16.1/nios2eds/bin/gnu/H-x86_64-pc-linux-gnu/bin/../lib/gcc/nios2-elf/5.3.0/../../../../../H-x86_64-pc-linux-gnu/nios2-elf/lib/mno-hw-mul/libsmallc.a(lib_a-fvwrite_small_dev.o)
 .debug_abbrev  0x0000000000000c4a      0x14a /home/andreasb/intelFPGA_lite/16.1/nios2eds/bin/gnu/H-x86_64-pc-linux-gnu/bin/../lib/gcc/nios2-elf/5.3.0/../../../../../H-x86_64-pc-linux-gnu/nios2-elf/lib/mno-hw-mul/libsmallc.a(lib_a-impure.o)
 .debug_abbrev  0x0000000000000d94      0x1a6 /home/andreasb/intelFPGA_lite/16.1/nios2eds/bin/gnu/H-x86_64-pc-linux-gnu/bin/../lib/gcc/nios2-elf/5.3.0/../../../../../H-x86_64-pc-linux-gnu/nios2-elf/lib/mno-hw-mul/libsmallc.a(lib_a-writer.o)
 .debug_abbrev  0x0000000000000f3a       0x37 /home/andreasb/intelFPGA_lite/16.1/nios2eds/bin/gnu/H-x86_64-pc-linux-gnu/bin/../lib/gcc/nios2-elf/5.3.0/../../../../../H-x86_64-pc-linux-gnu/nios2-elf/lib/mno-hw-mul/libsmallc.a(lib_a-int_errno.o)
 .debug_abbrev  0x0000000000000f71      0x1a0 ../lab5_bsp//libhal_bsp.a(alt_iic.o)
 .debug_abbrev  0x0000000000001111      0x19c ../lab5_bsp//libhal_bsp.a(alt_iic_isr_register.o)
 .debug_abbrev  0x00000000000012ad       0x12 ../lab5_bsp//libhal_bsp.a(alt_irq_entry.o)
 .debug_abbrev  0x00000000000012bf      0x120 ../lab5_bsp//libhal_bsp.a(alt_irq_handler.o)
 .debug_abbrev  0x00000000000013df       0x40 ../lab5_bsp//libhal_bsp.a(alt_irq_vars.o)
 .debug_abbrev  0x000000000000141f       0xd8 ../lab5_bsp//libhal_bsp.a(alt_load.o)
 .debug_abbrev  0x00000000000014f7       0xee ../lab5_bsp//libhal_bsp.a(alt_main.o)
 .debug_abbrev  0x00000000000015e5       0xd3 ../lab5_bsp//libhal_bsp.a(alt_putstr.o)
 .debug_abbrev  0x00000000000016b8      0x12e ../lab5_bsp//libhal_bsp.a(alt_write.o)
 .debug_abbrev  0x00000000000017e6      0x10e ../lab5_bsp//libhal_bsp.a(alt_sys_init.o)
 .debug_abbrev  0x00000000000018f4       0xd5 ../lab5_bsp//libhal_bsp.a(altera_avalon_jtag_uart_write.o)
 .debug_abbrev  0x00000000000019c9       0xbb ../lab5_bsp//libhal_bsp.a(altera_avalon_performance_counter.o)
 .debug_abbrev  0x0000000000001a84       0x42 ../lab5_bsp//libhal_bsp.a(alt_dcache_flush_all.o)
 .debug_abbrev  0x0000000000001ac6       0x5a ../lab5_bsp//libhal_bsp.a(alt_errno.o)
 .debug_abbrev  0x0000000000001b20       0x12 ../lab5_bsp//libhal_bsp.a(alt_exception_entry.o)
 .debug_abbrev  0x0000000000001b32       0x42 ../lab5_bsp//libhal_bsp.a(alt_icache_flush_all.o)
 .debug_abbrev  0x0000000000001b74       0x42 ../lab5_bsp//libhal_bsp.a(altera_nios2_qsys_irq.o)

.debug_line     0x0000000000000000     0x1fe1
 *(.debug_line)
 .debug_line    0x0000000000000000       0x66 ../lab5_bsp//obj/HAL/src/crt0.o
 .debug_line    0x0000000000000066       0x71 obj/default/hello_world_small.o
 .debug_line    0x00000000000000d7      0x16b obj/default/main.o
 .debug_line    0x0000000000000242      0x105 /home/andreasb/intelFPGA_lite/16.1/nios2eds/bin/gnu/H-x86_64-pc-linux-gnu/bin/../lib/gcc/nios2-elf/5.3.0/mno-hw-mul/libgcc.a(lib2-divmod.o)
 .debug_line    0x0000000000000347       0x80 /home/andreasb/intelFPGA_lite/16.1/nios2eds/bin/gnu/H-x86_64-pc-linux-gnu/bin/../lib/gcc/nios2-elf/5.3.0/mno-hw-mul/libgcc.a(lib2-mul.o)
 .debug_line    0x00000000000003c7      0x37e /home/andreasb/intelFPGA_lite/16.1/nios2eds/bin/gnu/H-x86_64-pc-linux-gnu/bin/../lib/gcc/nios2-elf/5.3.0/mno-hw-mul/libgcc.a(adddf3.o)
 .debug_line    0x0000000000000745      0x2b0 /home/andreasb/intelFPGA_lite/16.1/nios2eds/bin/gnu/H-x86_64-pc-linux-gnu/bin/../lib/gcc/nios2-elf/5.3.0/mno-hw-mul/libgcc.a(divdf3.o)
 .debug_line    0x00000000000009f5       0xa2 /home/andreasb/intelFPGA_lite/16.1/nios2eds/bin/gnu/H-x86_64-pc-linux-gnu/bin/../lib/gcc/nios2-elf/5.3.0/mno-hw-mul/libgcc.a(floatsidf.o)
 .debug_line    0x0000000000000a97       0xbd /home/andreasb/intelFPGA_lite/16.1/nios2eds/bin/gnu/H-x86_64-pc-linux-gnu/bin/../lib/gcc/nios2-elf/5.3.0/mno-hw-mul/libgcc.a(_clzsi2.o)
 .debug_line    0x0000000000000b54       0x56 /home/andreasb/intelFPGA_lite/16.1/nios2eds/bin/gnu/H-x86_64-pc-linux-gnu/bin/../lib/gcc/nios2-elf/5.3.0/mno-hw-mul/libgcc.a(_clz.o)
 .debug_line    0x0000000000000baa      0x206 /home/andreasb/intelFPGA_lite/16.1/nios2eds/bin/gnu/H-x86_64-pc-linux-gnu/bin/../lib/gcc/nios2-elf/5.3.0/../../../../../H-x86_64-pc-linux-gnu/nios2-elf/lib/mno-hw-mul/libsmallc.a(lib_a-puts.o)
 .debug_line    0x0000000000000db0      0x15c /home/andreasb/intelFPGA_lite/16.1/nios2eds/bin/gnu/H-x86_64-pc-linux-gnu/bin/../lib/gcc/nios2-elf/5.3.0/../../../../../H-x86_64-pc-linux-gnu/nios2-elf/lib/mno-hw-mul/libsmallc.a(lib_a-strlen.o)
 .debug_line    0x0000000000000f0c      0x1f0 /home/andreasb/intelFPGA_lite/16.1/nios2eds/bin/gnu/H-x86_64-pc-linux-gnu/bin/../lib/gcc/nios2-elf/5.3.0/../../../../../H-x86_64-pc-linux-gnu/nios2-elf/lib/mno-hw-mul/libsmallc.a(lib_a-fvwrite_small_dev.o)
 .debug_line    0x00000000000010fc      0x156 /home/andreasb/intelFPGA_lite/16.1/nios2eds/bin/gnu/H-x86_64-pc-linux-gnu/bin/../lib/gcc/nios2-elf/5.3.0/../../../../../H-x86_64-pc-linux-gnu/nios2-elf/lib/mno-hw-mul/libsmallc.a(lib_a-impure.o)
 .debug_line    0x0000000000001252      0x1ed /home/andreasb/intelFPGA_lite/16.1/nios2eds/bin/gnu/H-x86_64-pc-linux-gnu/bin/../lib/gcc/nios2-elf/5.3.0/../../../../../H-x86_64-pc-linux-gnu/nios2-elf/lib/mno-hw-mul/libsmallc.a(lib_a-writer.o)
 .debug_line    0x000000000000143f       0x5f /home/andreasb/intelFPGA_lite/16.1/nios2eds/bin/gnu/H-x86_64-pc-linux-gnu/bin/../lib/gcc/nios2-elf/5.3.0/../../../../../H-x86_64-pc-linux-gnu/nios2-elf/lib/mno-hw-mul/libsmallc.a(lib_a-int_errno.o)
 .debug_line    0x000000000000149e       0xf1 ../lab5_bsp//libhal_bsp.a(alt_iic.o)
 .debug_line    0x000000000000158f       0xd6 ../lab5_bsp//libhal_bsp.a(alt_iic_isr_register.o)
 .debug_line    0x0000000000001665       0x6b ../lab5_bsp//libhal_bsp.a(alt_irq_entry.o)
 .debug_line    0x00000000000016d0       0xa5 ../lab5_bsp//libhal_bsp.a(alt_irq_handler.o)
 .debug_line    0x0000000000001775       0x50 ../lab5_bsp//libhal_bsp.a(alt_irq_vars.o)
 .debug_line    0x00000000000017c5       0xa4 ../lab5_bsp//libhal_bsp.a(alt_load.o)
 .debug_line    0x0000000000001869       0xbd ../lab5_bsp//libhal_bsp.a(alt_main.o)
 .debug_line    0x0000000000001926       0xb1 ../lab5_bsp//libhal_bsp.a(alt_putstr.o)
 .debug_line    0x00000000000019d7      0x18c ../lab5_bsp//libhal_bsp.a(alt_write.o)
 .debug_line    0x0000000000001b63      0x11b ../lab5_bsp//libhal_bsp.a(alt_sys_init.o)
 .debug_line    0x0000000000001c7e       0xf0 ../lab5_bsp//libhal_bsp.a(altera_avalon_jtag_uart_write.o)
 .debug_line    0x0000000000001d6e       0x8b ../lab5_bsp//libhal_bsp.a(altera_avalon_performance_counter.o)
 .debug_line    0x0000000000001df9       0x4e ../lab5_bsp//libhal_bsp.a(alt_dcache_flush_all.o)
 .debug_line    0x0000000000001e47       0x51 ../lab5_bsp//libhal_bsp.a(alt_errno.o)
 .debug_line    0x0000000000001e98       0xab ../lab5_bsp//libhal_bsp.a(alt_exception_entry.o)
 .debug_line    0x0000000000001f43       0x4e ../lab5_bsp//libhal_bsp.a(alt_icache_flush_all.o)
 .debug_line    0x0000000000001f91       0x50 ../lab5_bsp//libhal_bsp.a(altera_nios2_qsys_irq.o)

.debug_frame    0x0000000000000000      0x5e8
 *(.debug_frame)
 .debug_frame   0x0000000000000000       0x28 obj/default/hello_world_small.o
 .debug_frame   0x0000000000000028       0xe0 obj/default/main.o
 .debug_frame   0x0000000000000108       0x50 /home/andreasb/intelFPGA_lite/16.1/nios2eds/bin/gnu/H-x86_64-pc-linux-gnu/bin/../lib/gcc/nios2-elf/5.3.0/mno-hw-mul/libgcc.a(lib2-divmod.o)
 .debug_frame   0x0000000000000158       0x20 /home/andreasb/intelFPGA_lite/16.1/nios2eds/bin/gnu/H-x86_64-pc-linux-gnu/bin/../lib/gcc/nios2-elf/5.3.0/mno-hw-mul/libgcc.a(lib2-mul.o)
 .debug_frame   0x0000000000000178       0x40 /home/andreasb/intelFPGA_lite/16.1/nios2eds/bin/gnu/H-x86_64-pc-linux-gnu/bin/../lib/gcc/nios2-elf/5.3.0/mno-hw-mul/libgcc.a(adddf3.o)
 .debug_frame   0x00000000000001b8       0x58 /home/andreasb/intelFPGA_lite/16.1/nios2eds/bin/gnu/H-x86_64-pc-linux-gnu/bin/../lib/gcc/nios2-elf/5.3.0/mno-hw-mul/libgcc.a(divdf3.o)
 .debug_frame   0x0000000000000210       0x38 /home/andreasb/intelFPGA_lite/16.1/nios2eds/bin/gnu/H-x86_64-pc-linux-gnu/bin/../lib/gcc/nios2-elf/5.3.0/mno-hw-mul/libgcc.a(floatsidf.o)
 .debug_frame   0x0000000000000248       0x20 /home/andreasb/intelFPGA_lite/16.1/nios2eds/bin/gnu/H-x86_64-pc-linux-gnu/bin/../lib/gcc/nios2-elf/5.3.0/mno-hw-mul/libgcc.a(_clzsi2.o)
 .debug_frame   0x0000000000000268       0x48 /home/andreasb/intelFPGA_lite/16.1/nios2eds/bin/gnu/H-x86_64-pc-linux-gnu/bin/../lib/gcc/nios2-elf/5.3.0/../../../../../H-x86_64-pc-linux-gnu/nios2-elf/lib/mno-hw-mul/libsmallc.a(lib_a-puts.o)
 .debug_frame   0x00000000000002b0       0x20 /home/andreasb/intelFPGA_lite/16.1/nios2eds/bin/gnu/H-x86_64-pc-linux-gnu/bin/../lib/gcc/nios2-elf/5.3.0/../../../../../H-x86_64-pc-linux-gnu/nios2-elf/lib/mno-hw-mul/libsmallc.a(lib_a-strlen.o)
 .debug_frame   0x00000000000002d0       0x58 /home/andreasb/intelFPGA_lite/16.1/nios2eds/bin/gnu/H-x86_64-pc-linux-gnu/bin/../lib/gcc/nios2-elf/5.3.0/../../../../../H-x86_64-pc-linux-gnu/nios2-elf/lib/mno-hw-mul/libsmallc.a(lib_a-fvwrite_small_dev.o)
 .debug_frame   0x0000000000000328       0x38 /home/andreasb/intelFPGA_lite/16.1/nios2eds/bin/gnu/H-x86_64-pc-linux-gnu/bin/../lib/gcc/nios2-elf/5.3.0/../../../../../H-x86_64-pc-linux-gnu/nios2-elf/lib/mno-hw-mul/libsmallc.a(lib_a-writer.o)
 .debug_frame   0x0000000000000360       0x50 ../lab5_bsp//libhal_bsp.a(alt_iic.o)
 .debug_frame   0x00000000000003b0       0x30 ../lab5_bsp//libhal_bsp.a(alt_iic_isr_register.o)
 .debug_frame   0x00000000000003e0       0x34 ../lab5_bsp//libhal_bsp.a(alt_irq_handler.o)
 .debug_frame   0x0000000000000414       0x30 ../lab5_bsp//libhal_bsp.a(alt_load.o)
 .debug_frame   0x0000000000000444       0x2c ../lab5_bsp//libhal_bsp.a(alt_main.o)
 .debug_frame   0x0000000000000470       0x30 ../lab5_bsp//libhal_bsp.a(alt_putstr.o)
 .debug_frame   0x00000000000004a0       0x2c ../lab5_bsp//libhal_bsp.a(alt_write.o)
 .debug_frame   0x00000000000004cc       0x3c ../lab5_bsp//libhal_bsp.a(alt_sys_init.o)
 .debug_frame   0x0000000000000508       0x20 ../lab5_bsp//libhal_bsp.a(altera_avalon_jtag_uart_write.o)
 .debug_frame   0x0000000000000528       0x60 ../lab5_bsp//libhal_bsp.a(altera_avalon_performance_counter.o)
 .debug_frame   0x0000000000000588       0x20 ../lab5_bsp//libhal_bsp.a(alt_dcache_flush_all.o)
 .debug_frame   0x00000000000005a8       0x20 ../lab5_bsp//libhal_bsp.a(alt_icache_flush_all.o)
 .debug_frame   0x00000000000005c8       0x20 ../lab5_bsp//libhal_bsp.a(altera_nios2_qsys_irq.o)

.debug_str      0x0000000000000000     0x1395
 *(.debug_str)
 .debug_str     0x0000000000000000       0xaa obj/default/hello_world_small.o
 .debug_str     0x00000000000000aa      0x125 obj/default/main.o
                                        0x20d (size before relaxing)
 .debug_str     0x00000000000001cf      0x188 /home/andreasb/intelFPGA_lite/16.1/nios2eds/bin/gnu/H-x86_64-pc-linux-gnu/bin/../lib/gcc/nios2-elf/5.3.0/mno-hw-mul/libgcc.a(lib2-divmod.o)
                                        0x1d3 (size before relaxing)
 .debug_str     0x0000000000000357       0x40 /home/andreasb/intelFPGA_lite/16.1/nios2eds/bin/gnu/H-x86_64-pc-linux-gnu/bin/../lib/gcc/nios2-elf/5.3.0/mno-hw-mul/libgcc.a(lib2-mul.o)
                                        0x194 (size before relaxing)
 .debug_str     0x0000000000000397      0x123 /home/andreasb/intelFPGA_lite/16.1/nios2eds/bin/gnu/H-x86_64-pc-linux-gnu/bin/../lib/gcc/nios2-elf/5.3.0/mno-hw-mul/libgcc.a(adddf3.o)
                                        0x2aa (size before relaxing)
 .debug_str     0x00000000000004ba      0x16c /home/andreasb/intelFPGA_lite/16.1/nios2eds/bin/gnu/H-x86_64-pc-linux-gnu/bin/../lib/gcc/nios2-elf/5.3.0/mno-hw-mul/libgcc.a(divdf3.o)
                                        0x362 (size before relaxing)
 .debug_str     0x0000000000000626       0x6c /home/andreasb/intelFPGA_lite/16.1/nios2eds/bin/gnu/H-x86_64-pc-linux-gnu/bin/../lib/gcc/nios2-elf/5.3.0/mno-hw-mul/libgcc.a(floatsidf.o)
                                        0x243 (size before relaxing)
 .debug_str     0x0000000000000692       0x66 /home/andreasb/intelFPGA_lite/16.1/nios2eds/bin/gnu/H-x86_64-pc-linux-gnu/bin/../lib/gcc/nios2-elf/5.3.0/mno-hw-mul/libgcc.a(_clzsi2.o)
                                        0x201 (size before relaxing)
 .debug_str     0x00000000000006f8      0x1e4 /home/andreasb/intelFPGA_lite/16.1/nios2eds/bin/gnu/H-x86_64-pc-linux-gnu/bin/../lib/gcc/nios2-elf/5.3.0/mno-hw-mul/libgcc.a(_clz.o)
 .debug_str     0x00000000000006f8      0x3fe /home/andreasb/intelFPGA_lite/16.1/nios2eds/bin/gnu/H-x86_64-pc-linux-gnu/bin/../lib/gcc/nios2-elf/5.3.0/../../../../../H-x86_64-pc-linux-gnu/nios2-elf/lib/mno-hw-mul/libsmallc.a(lib_a-puts.o)
                                        0x4ce (size before relaxing)
 .debug_str     0x0000000000000af6       0xd3 /home/andreasb/intelFPGA_lite/16.1/nios2eds/bin/gnu/H-x86_64-pc-linux-gnu/bin/../lib/gcc/nios2-elf/5.3.0/../../../../../H-x86_64-pc-linux-gnu/nios2-elf/lib/mno-hw-mul/libsmallc.a(lib_a-strlen.o)
                                        0x1e6 (size before relaxing)
 .debug_str     0x0000000000000bc9       0x63 /home/andreasb/intelFPGA_lite/16.1/nios2eds/bin/gnu/H-x86_64-pc-linux-gnu/bin/../lib/gcc/nios2-elf/5.3.0/../../../../../H-x86_64-pc-linux-gnu/nios2-elf/lib/mno-hw-mul/libsmallc.a(lib_a-fvwrite_small_dev.o)
                                        0x4d5 (size before relaxing)
 .debug_str     0x0000000000000c2c       0xf0 /home/andreasb/intelFPGA_lite/16.1/nios2eds/bin/gnu/H-x86_64-pc-linux-gnu/bin/../lib/gcc/nios2-elf/5.3.0/../../../../../H-x86_64-pc-linux-gnu/nios2-elf/lib/mno-hw-mul/libsmallc.a(lib_a-impure.o)
                                        0x4bf (size before relaxing)
 .debug_str     0x0000000000000d1c       0x45 /home/andreasb/intelFPGA_lite/16.1/nios2eds/bin/gnu/H-x86_64-pc-linux-gnu/bin/../lib/gcc/nios2-elf/5.3.0/../../../../../H-x86_64-pc-linux-gnu/nios2-elf/lib/mno-hw-mul/libsmallc.a(lib_a-writer.o)
                                        0x4b9 (size before relaxing)
 .debug_str     0x0000000000000d61       0x3f /home/andreasb/intelFPGA_lite/16.1/nios2eds/bin/gnu/H-x86_64-pc-linux-gnu/bin/../lib/gcc/nios2-elf/5.3.0/../../../../../H-x86_64-pc-linux-gnu/nios2-elf/lib/mno-hw-mul/libsmallc.a(lib_a-int_errno.o)
                                        0x1d9 (size before relaxing)
 .debug_str     0x0000000000000da0      0x13e ../lab5_bsp//libhal_bsp.a(alt_iic.o)
                                        0x253 (size before relaxing)
 .debug_str     0x0000000000000ede       0x37 ../lab5_bsp//libhal_bsp.a(alt_iic_isr_register.o)
                                        0x20d (size before relaxing)
 .debug_str     0x0000000000000f15       0x3a ../lab5_bsp//libhal_bsp.a(alt_irq_handler.o)
                                        0x197 (size before relaxing)
 .debug_str     0x0000000000000f4f       0x17 ../lab5_bsp//libhal_bsp.a(alt_irq_vars.o)
                                        0x13a (size before relaxing)
 .debug_str     0x0000000000000f66      0x113 ../lab5_bsp//libhal_bsp.a(alt_load.o)
                                        0x23c (size before relaxing)
 .debug_str     0x0000000000001079       0x8a ../lab5_bsp//libhal_bsp.a(alt_main.o)
                                        0x1b5 (size before relaxing)
 .debug_str     0x0000000000001103       0x5f ../lab5_bsp//libhal_bsp.a(alt_putstr.o)
                                        0x192 (size before relaxing)
 .debug_str     0x0000000000001162       0x2c ../lab5_bsp//libhal_bsp.a(alt_write.o)
                                        0x1e0 (size before relaxing)
 .debug_str     0x000000000000118e       0xb9 ../lab5_bsp//libhal_bsp.a(alt_sys_init.o)
                                        0x265 (size before relaxing)
 .debug_str     0x0000000000001247       0x2c ../lab5_bsp//libhal_bsp.a(altera_avalon_jtag_uart_write.o)
                                        0x215 (size before relaxing)
 .debug_str     0x0000000000001273       0xb0 ../lab5_bsp//libhal_bsp.a(altera_avalon_performance_counter.o)
                                        0x1e3 (size before relaxing)
 .debug_str     0x0000000000001323       0x1f ../lab5_bsp//libhal_bsp.a(alt_dcache_flush_all.o)
                                        0x155 (size before relaxing)
 .debug_str     0x0000000000001342       0x14 ../lab5_bsp//libhal_bsp.a(alt_errno.o)
                                        0x145 (size before relaxing)
 .debug_str     0x0000000000001356       0x1f ../lab5_bsp//libhal_bsp.a(alt_icache_flush_all.o)
                                        0x155 (size before relaxing)
 .debug_str     0x0000000000001375       0x20 ../lab5_bsp//libhal_bsp.a(altera_nios2_qsys_irq.o)
                                        0x15c (size before relaxing)

.debug_loc      0x0000000000000000     0x43c8
 *(.debug_loc)
 .debug_loc     0x0000000000000000       0xff obj/default/main.o
 .debug_loc     0x00000000000000ff      0x4ce /home/andreasb/intelFPGA_lite/16.1/nios2eds/bin/gnu/H-x86_64-pc-linux-gnu/bin/../lib/gcc/nios2-elf/5.3.0/mno-hw-mul/libgcc.a(lib2-divmod.o)
 .debug_loc     0x00000000000005cd       0x93 /home/andreasb/intelFPGA_lite/16.1/nios2eds/bin/gnu/H-x86_64-pc-linux-gnu/bin/../lib/gcc/nios2-elf/5.3.0/mno-hw-mul/libgcc.a(lib2-mul.o)
 .debug_loc     0x0000000000000660     0x16f9 /home/andreasb/intelFPGA_lite/16.1/nios2eds/bin/gnu/H-x86_64-pc-linux-gnu/bin/../lib/gcc/nios2-elf/5.3.0/mno-hw-mul/libgcc.a(adddf3.o)
 .debug_loc     0x0000000000001d59     0x1c20 /home/andreasb/intelFPGA_lite/16.1/nios2eds/bin/gnu/H-x86_64-pc-linux-gnu/bin/../lib/gcc/nios2-elf/5.3.0/mno-hw-mul/libgcc.a(divdf3.o)
 .debug_loc     0x0000000000003979      0x175 /home/andreasb/intelFPGA_lite/16.1/nios2eds/bin/gnu/H-x86_64-pc-linux-gnu/bin/../lib/gcc/nios2-elf/5.3.0/mno-hw-mul/libgcc.a(floatsidf.o)
 .debug_loc     0x0000000000003aee       0x6b /home/andreasb/intelFPGA_lite/16.1/nios2eds/bin/gnu/H-x86_64-pc-linux-gnu/bin/../lib/gcc/nios2-elf/5.3.0/mno-hw-mul/libgcc.a(_clzsi2.o)
 .debug_loc     0x0000000000003b59       0x97 /home/andreasb/intelFPGA_lite/16.1/nios2eds/bin/gnu/H-x86_64-pc-linux-gnu/bin/../lib/gcc/nios2-elf/5.3.0/../../../../../H-x86_64-pc-linux-gnu/nios2-elf/lib/mno-hw-mul/libsmallc.a(lib_a-puts.o)
 .debug_loc     0x0000000000003bf0       0x1e /home/andreasb/intelFPGA_lite/16.1/nios2eds/bin/gnu/H-x86_64-pc-linux-gnu/bin/../lib/gcc/nios2-elf/5.3.0/../../../../../H-x86_64-pc-linux-gnu/nios2-elf/lib/mno-hw-mul/libsmallc.a(lib_a-strlen.o)
 .debug_loc     0x0000000000003c0e      0x110 /home/andreasb/intelFPGA_lite/16.1/nios2eds/bin/gnu/H-x86_64-pc-linux-gnu/bin/../lib/gcc/nios2-elf/5.3.0/../../../../../H-x86_64-pc-linux-gnu/nios2-elf/lib/mno-hw-mul/libsmallc.a(lib_a-fvwrite_small_dev.o)
 .debug_loc     0x0000000000003d1e       0xa5 /home/andreasb/intelFPGA_lite/16.1/nios2eds/bin/gnu/H-x86_64-pc-linux-gnu/bin/../lib/gcc/nios2-elf/5.3.0/../../../../../H-x86_64-pc-linux-gnu/nios2-elf/lib/mno-hw-mul/libsmallc.a(lib_a-writer.o)
 .debug_loc     0x0000000000003dc3      0x170 ../lab5_bsp//libhal_bsp.a(alt_iic.o)
 .debug_loc     0x0000000000003f33      0x193 ../lab5_bsp//libhal_bsp.a(alt_iic_isr_register.o)
 .debug_loc     0x00000000000040c6       0x72 ../lab5_bsp//libhal_bsp.a(alt_irq_handler.o)
 .debug_loc     0x0000000000004138       0x37 ../lab5_bsp//libhal_bsp.a(alt_putstr.o)
 .debug_loc     0x000000000000416f       0xcf ../lab5_bsp//libhal_bsp.a(alt_write.o)
 .debug_loc     0x000000000000423e       0x21 ../lab5_bsp//libhal_bsp.a(alt_sys_init.o)
 .debug_loc     0x000000000000425f       0x8b ../lab5_bsp//libhal_bsp.a(altera_avalon_jtag_uart_write.o)
 .debug_loc     0x00000000000042ea       0xde ../lab5_bsp//libhal_bsp.a(altera_avalon_performance_counter.o)

.debug_macinfo
 *(.debug_macinfo)

.debug_weaknames
 *(.debug_weaknames)

.debug_funcnames
 *(.debug_funcnames)

.debug_typenames
 *(.debug_typenames)

.debug_varnames
 *(.debug_varnames)

.debug_alt_sim_info
                0x0000000000000000       0x10
 *(.debug_alt_sim_info)
 .debug_alt_sim_info
                0x0000000000000000       0x10 ../lab5_bsp//obj/HAL/src/crt0.o
                0x000000000c000000                __alt_data_end = 0xc000000
                0x000000000c000000                PROVIDE (__alt_stack_pointer, __alt_data_end)
                [!provide]                        PROVIDE (__alt_stack_limit, __alt_stack_base)
                [!provide]                        PROVIDE (__alt_heap_start, end)
                [!provide]                        PROVIDE (__alt_heap_limit, 0xc000000)
OUTPUT(lab5.elf elf32-littlenios2)

.debug_ranges   0x0000000000000000      0x598
 .debug_ranges  0x0000000000000000       0x20 ../lab5_bsp//obj/HAL/src/crt0.o
 .debug_ranges  0x0000000000000020       0x18 obj/default/main.o
 .debug_ranges  0x0000000000000038       0x60 /home/andreasb/intelFPGA_lite/16.1/nios2eds/bin/gnu/H-x86_64-pc-linux-gnu/bin/../lib/gcc/nios2-elf/5.3.0/mno-hw-mul/libgcc.a(lib2-divmod.o)
 .debug_ranges  0x0000000000000098      0x240 /home/andreasb/intelFPGA_lite/16.1/nios2eds/bin/gnu/H-x86_64-pc-linux-gnu/bin/../lib/gcc/nios2-elf/5.3.0/mno-hw-mul/libgcc.a(adddf3.o)
 .debug_ranges  0x00000000000002d8      0x158 /home/andreasb/intelFPGA_lite/16.1/nios2eds/bin/gnu/H-x86_64-pc-linux-gnu/bin/../lib/gcc/nios2-elf/5.3.0/mno-hw-mul/libgcc.a(divdf3.o)
 .debug_ranges  0x0000000000000430       0x20 /home/andreasb/intelFPGA_lite/16.1/nios2eds/bin/gnu/H-x86_64-pc-linux-gnu/bin/../lib/gcc/nios2-elf/5.3.0/mno-hw-mul/libgcc.a(floatsidf.o)
 .debug_ranges  0x0000000000000450       0x18 /home/andreasb/intelFPGA_lite/16.1/nios2eds/bin/gnu/H-x86_64-pc-linux-gnu/bin/../lib/gcc/nios2-elf/5.3.0/mno-hw-mul/libgcc.a(_clzsi2.o)
 .debug_ranges  0x0000000000000468       0x18 /home/andreasb/intelFPGA_lite/16.1/nios2eds/bin/gnu/H-x86_64-pc-linux-gnu/bin/../lib/gcc/nios2-elf/5.3.0/../../../../../H-x86_64-pc-linux-gnu/nios2-elf/lib/mno-hw-mul/libsmallc.a(lib_a-puts.o)
 .debug_ranges  0x0000000000000480       0x10 /home/andreasb/intelFPGA_lite/16.1/nios2eds/bin/gnu/H-x86_64-pc-linux-gnu/bin/../lib/gcc/nios2-elf/5.3.0/../../../../../H-x86_64-pc-linux-gnu/nios2-elf/lib/mno-hw-mul/libsmallc.a(lib_a-strlen.o)
 .debug_ranges  0x0000000000000490       0x28 /home/andreasb/intelFPGA_lite/16.1/nios2eds/bin/gnu/H-x86_64-pc-linux-gnu/bin/../lib/gcc/nios2-elf/5.3.0/../../../../../H-x86_64-pc-linux-gnu/nios2-elf/lib/mno-hw-mul/libsmallc.a(lib_a-fvwrite_small_dev.o)
 .debug_ranges  0x00000000000004b8       0x10 /home/andreasb/intelFPGA_lite/16.1/nios2eds/bin/gnu/H-x86_64-pc-linux-gnu/bin/../lib/gcc/nios2-elf/5.3.0/../../../../../H-x86_64-pc-linux-gnu/nios2-elf/lib/mno-hw-mul/libsmallc.a(lib_a-writer.o)
 .debug_ranges  0x00000000000004c8       0x28 ../lab5_bsp//libhal_bsp.a(alt_irq_entry.o)
 .debug_ranges  0x00000000000004f0       0x10 ../lab5_bsp//libhal_bsp.a(alt_irq_handler.o)
 .debug_ranges  0x0000000000000500       0x48 ../lab5_bsp//libhal_bsp.a(alt_load.o)
 .debug_ranges  0x0000000000000548       0x20 ../lab5_bsp//libhal_bsp.a(alt_write.o)
 .debug_ranges  0x0000000000000568       0x30 ../lab5_bsp//libhal_bsp.a(alt_exception_entry.o)
